Detected: Jest test (via @posthog/frontend)
🚀 pnpm --filter=@posthog/frontend exec jest products/workflows/frontend/firstRun/firstRunEmailAgentLogic.test.ts
[90m18:06:33:307[0m [34m[client-request-interceptor][0m constructing the interceptor...
[90m18:06:33:320[0m [34m[xhr][0m constructing the interceptor...
[90m18:06:33:320[0m [34m[fetch][0m constructing the interceptor...
[90m18:06:33:321[0m [34m[websocket][0m constructing the interceptor...
[90m18:06:33:321[0m [34m[interceptor-source][0m constructing the interceptor...
[90m18:06:35:411[0m [34m[interceptor-source:apply][0m applying the interceptor...
[90m18:06:35:411[0m [34m[interceptor-source][0m retrieved global instance: undefined
[90m18:06:35:411[0m [34m[interceptor-source:apply][0m no running instance found, setting up a new instance...
[90m18:06:35:411[0m [34m[interceptor-source:setup][0m applying all 4 interceptors...
[90m18:06:35:411[0m [34m[interceptor-source:setup][0m applying "ClientRequestInterceptor" interceptor...
[90m18:06:35:411[0m [34m[client-request-interceptor:apply][0m applying the interceptor...
[90m18:06:35:411[0m [34m[client-request-interceptor][0m retrieved global instance: undefined
[90m18:06:35:411[0m [34m[client-request-interceptor:apply][0m no running instance found, setting up a new instance...
[90m18:06:35:412[0m [34m[client-request-interceptor][0m set global instance! client-request-interceptor
[90m18:06:35:412[0m [34m[interceptor-source:setup][0m adding interceptor dispose subscription
[90m18:06:35:412[0m [34m[interceptor-source:setup][0m applying "XMLHttpRequestInterceptor" interceptor...
[90m18:06:35:412[0m [34m[xhr:apply][0m applying the interceptor...
[90m18:06:35:412[0m [34m[xhr][0m retrieved global instance: undefined
[90m18:06:35:412[0m [34m[xhr:apply][0m no running instance found, setting up a new instance...
[90m18:06:35:412[0m [34m[xhr:setup][0m patching "XMLHttpRequest" module...
[90m18:06:35:412[0m [34m[xhr:setup][0m native "XMLHttpRequest" module patched! XMLHttpRequest
[90m18:06:35:412[0m [34m[xhr][0m set global instance! xhr
[90m18:06:35:412[0m [34m[interceptor-source:setup][0m adding interceptor dispose subscription
[90m18:06:35:412[0m [34m[interceptor-source:setup][0m applying "FetchInterceptor" interceptor...
[90m18:06:35:412[0m [34m[fetch:apply][0m applying the interceptor...
[90m18:06:35:412[0m [34m[fetch][0m retrieved global instance: undefined
[90m18:06:35:412[0m [34m[fetch:apply][0m no running instance found, setting up a new instance...
[90m18:06:35:412[0m [34m[fetch][0m set global instance! fetch
[90m18:06:35:412[0m [34m[interceptor-source:setup][0m adding interceptor dispose subscription
[90m18:06:35:412[0m [34m[interceptor-source:setup][0m applying "WebSocketInterceptor" interceptor...
[90m18:06:35:412[0m [34m[websocket:apply][0m applying the interceptor...
[90m18:06:35:412[0m [34m[websocket][0m retrieved global instance: undefined
[90m18:06:35:412[0m [34m[websocket:apply][0m no running instance found, setting up a new instance...
[90m18:06:35:412[0m [34m[websocket][0m set global instance! websocket
[90m18:06:35:412[0m [34m[interceptor-source:setup][0m adding interceptor dispose subscription
[90m18:06:35:413[0m [34m[interceptor-source][0m set global instance! interceptor-source
[90m18:06:35:413[0m [34m[client-request-interceptor:on][0m adding "request" event listener: function () { [native code] }
[90m18:06:35:413[0m [34m[xhr:on][0m adding "request" event listener: function () { [native code] }
[90m18:06:35:413[0m [34m[fetch:on][0m adding "request" event listener: function () { [native code] }
[90m18:06:35:413[0m [34m[websocket:on][0m adding "request" event listener: function () { [native code] }
[90m18:06:35:413[0m [34m[client-request-interceptor:on][0m adding "response" event listener: function () { [native code] }
[90m18:06:35:413[0m [34m[xhr:on][0m adding "response" event listener: function () { [native code] }
[90m18:06:35:413[0m [34m[fetch:on][0m adding "response" event listener: function () { [native code] }
[90m18:06:35:413[0m [34m[websocket:on][0m adding "response" event listener: function () { [native code] }
[90m18:06:35:413[0m [34m[client-request-interceptor:on][0m adding "connection" event listener: function () { [native code] }
[90m18:06:35:413[0m [34m[xhr:on][0m adding "connection" event listener: function () { [native code] }
[90m18:06:35:413[0m [34m[fetch:on][0m adding "connection" event listener: function () { [native code] }
[90m18:06:35:413[0m [34m[websocket:on][0m adding "connection" event listener: function () { [native code] }
[90m18:06:35:427[0m [34m[fetch][0m [GET] http://localhost/_preflight/
[90m18:06:35:427[0m [34m[fetch][0m awaiting for the mocked response...
[90m18:06:35:427[0m [34m[fetch][0m emitting the "request" event for 1 listener(s)...
[90m18:06:35:464[0m [34m[fetch][0m [GET] http://localhost/api/projects/997/hog_flow_templates/
[90m18:06:35:464[0m [34m[fetch][0m awaiting for the mocked response...
[90m18:06:35:464[0m [34m[fetch][0m emitting the "request" event for 1 listener(s)...
[90m18:06:35:475[0m [34m[fetch][0m [POST] http://localhost/api/projects/997/file_system/log_view/
[90m18:06:35:475[0m [34m[fetch][0m awaiting for the mocked response...
[90m18:06:35:475[0m [34m[fetch][0m emitting the "request" event for 1 listener(s)...
[90m18:06:35:479[0m [34m[fetch][0m [GET] http://localhost/api/projects/997/integrations/?limit=100&offset=0
[90m18:06:35:479[0m [34m[fetch][0m awaiting for the mocked response...
[90m18:06:35:479[0m [34m[fetch][0m emitting the "request" event for 1 listener(s)...
[90m18:06:35:490[0m [34m[fetch][0m received mocked response! {"rawResponse":{}}
[90m18:06:35:491[0m [34m[fetch][0m emitting the "response" event...
[90m18:06:35:498[0m [34m[fetch][0m [GET] http://localhost/api/projects/997/tasks?ordering=-last_activity_at&created_by=179&exclude_origin_product=signals_scout
[90m18:06:35:498[0m [34m[fetch][0m awaiting for the mocked response...
[90m18:06:35:498[0m [34m[fetch][0m emitting the "request" event for 1 listener(s)...
[90m18:06:35:500[0m [34m[fetch][0m [GET] http://localhost/api/projects/997/conversations/
[90m18:06:35:501[0m [34m[fetch][0m awaiting for the mocked response...
[90m18:06:35:501[0m [34m[fetch][0m emitting the "request" event for 1 listener(s)...
[90m18:06:35:504[0m [34m[fetch][0m received mocked response! {"rawResponse":{}}
[90m18:06:35:505[0m [34m[fetch][0m emitting the "response" event...
[90m18:06:35:520[0m [34m[fetch][0m received mocked response! {"rawResponse":{}}
[90m18:06:35:520[0m [34m[fetch][0m emitting the "response" event...
[90m18:06:35:522[0m [34m[fetch][0m [GET] http://localhost/api/projects/997/event_definitions/?names=signed_up&limit=1
[90m18:06:35:523[0m [34m[fetch][0m awaiting for the mocked response...
[90m18:06:35:523[0m [34m[fetch][0m emitting the "request" event for 1 listener(s)...
[90m18:06:35:528[0m [34m[fetch][0m received mocked response! {"rawResponse":{}}
[90m18:06:35:528[0m [34m[fetch][0m emitting the "response" event...
[90m18:06:35:536[0m [34m[fetch][0m received mocked response! {"rawResponse":{}}
[90m18:06:35:537[0m [34m[fetch][0m emitting the "response" event...
[90m18:06:35:582[0m [34m[fetch][0m received mocked response! {"rawResponse":{}}
[90m18:06:35:582[0m [34m[fetch][0m emitting the "response" event...
[90m18:06:35:611[0m [34m[fetch][0m received mocked response! {"rawResponse":{}}
[90m18:06:35:611[0m [34m[fetch][0m emitting the "response" event...
[90m18:06:35:624[0m [34m[fetch][0m [GET] http://localhost/_preflight/
[90m18:06:35:624[0m [34m[fetch][0m awaiting for the mocked response...
[90m18:06:35:624[0m [34m[fetch][0m emitting the "request" event for 1 listener(s)...
[90m18:06:35:638[0m [34m[fetch][0m [GET] http://localhost/api/projects/997/hog_flow_templates/
[90m18:06:35:638[0m [34m[fetch][0m awaiting for the mocked response...
[90m18:06:35:638[0m [34m[fetch][0m emitting the "request" event for 1 listener(s)...
[90m18:06:35:641[0m [34m[fetch][0m [POST] http://localhost/api/projects/997/file_system/log_view/
[90m18:06:35:641[0m [34m[fetch][0m awaiting for the mocked response...
[90m18:06:35:642[0m [34m[fetch][0m emitting the "request" event for 1 listener(s)...
[90m18:06:35:643[0m [34m[fetch][0m [GET] http://localhost/api/projects/997/integrations/?limit=100&offset=0
[90m18:06:35:643[0m [34m[fetch][0m awaiting for the mocked response...
[90m18:06:35:643[0m [34m[fetch][0m emitting the "request" event for 1 listener(s)...
[90m18:06:35:648[0m [34m[fetch][0m received mocked response! {"rawResponse":{}}
[90m18:06:35:648[0m [34m[fetch][0m emitting the "response" event...
[90m18:06:35:655[0m [34m[fetch][0m [GET] http://localhost/api/projects/997/tasks?ordering=-last_activity_at&created_by=179&exclude_origin_product=signals_scout
[90m18:06:35:655[0m [34m[fetch][0m awaiting for the mocked response...
[90m18:06:35:656[0m [34m[fetch][0m emitting the "request" event for 1 listener(s)...
[90m18:06:35:660[0m [34m[fetch][0m [GET] http://localhost/api/projects/997/conversations/
[90m18:06:35:660[0m [34m[fetch][0m awaiting for the mocked response...
[90m18:06:35:660[0m [34m[fetch][0m emitting the "request" event for 1 listener(s)...
[90m18:06:35:662[0m [34m[fetch][0m received mocked response! {"rawResponse":{}}
[90m18:06:35:662[0m [34m[fetch][0m emitting the "response" event...
[90m18:06:35:671[0m [34m[fetch][0m received mocked response! {"rawResponse":{}}
[90m18:06:35:672[0m [34m[fetch][0m emitting the "response" event...
[90m18:06:35:673[0m [34m[fetch][0m [GET] http://localhost/api/projects/997/event_definitions/?names=signed_up&limit=1
[90m18:06:35:674[0m [34m[fetch][0m awaiting for the mocked response...
[90m18:06:35:674[0m [34m[fetch][0m emitting the "request" event for 1 listener(s)...
[90m18:06:35:677[0m [34m[fetch][0m received mocked response! {"rawResponse":{}}
[90m18:06:35:677[0m [34m[fetch][0m emitting the "response" event...
[90m18:06:35:679[0m [34m[fetch][0m received mocked response! {"rawResponse":{}}
[90m18:06:35:679[0m [34m[fetch][0m emitting the "response" event...
[90m18:06:35:709[0m [34m[fetch][0m received mocked response! {"rawResponse":{}}
[90m18:06:35:709[0m [34m[fetch][0m emitting the "response" event...
[90m18:06:35:735[0m [34m[fetch][0m received mocked response! {"rawResponse":{}}
[90m18:06:35:735[0m [34m[fetch][0m emitting the "response" event...
[90m18:06:35:748[0m [34m[fetch][0m [GET] http://localhost/_preflight/
[90m18:06:35:748[0m [34m[fetch][0m awaiting for the mocked response...
[90m18:06:35:748[0m [34m[fetch][0m emitting the "request" event for 1 listener(s)...
[90m18:06:35:761[0m [34m[fetch][0m [GET] http://localhost/api/projects/997/hog_flow_templates/
[90m18:06:35:762[0m [34m[fetch][0m awaiting for the mocked response...
[90m18:06:35:762[0m [34m[fetch][0m emitting the "request" event for 1 listener(s)...
[90m18:06:35:765[0m [34m[fetch][0m [POST] http://localhost/api/projects/997/file_system/log_view/
[90m18:06:35:765[0m [34m[fetch][0m awaiting for the mocked response...
[90m18:06:35:765[0m [34m[fetch][0m emitting the "request" event for 1 listener(s)...
[90m18:06:35:766[0m [34m[fetch][0m [GET] http://localhost/api/projects/997/integrations/?limit=100&offset=0
[90m18:06:35:766[0m [34m[fetch][0m awaiting for the mocked response...
[90m18:06:35:766[0m [34m[fetch][0m emitting the "request" event for 1 listener(s)...
[90m18:06:35:770[0m [34m[fetch][0m received mocked response! {"rawResponse":{}}
[90m18:06:35:771[0m [34m[fetch][0m emitting the "response" event...
[90m18:06:35:774[0m [34m[fetch][0m [GET] http://localhost/api/projects/997/tasks?ordering=-last_activity_at&created_by=179&exclude_origin_product=signals_scout
[90m18:06:35:774[0m [34m[fetch][0m awaiting for the mocked response...
[90m18:06:35:774[0m [34m[fetch][0m emitting the "request" event for 1 listener(s)...
[90m18:06:35:776[0m [34m[fetch][0m [GET] http://localhost/api/projects/997/conversations/
[90m18:06:35:776[0m [34m[fetch][0m awaiting for the mocked response...
[90m18:06:35:776[0m [34m[fetch][0m emitting the "request" event for 1 listener(s)...
[90m18:06:35:777[0m [34m[fetch][0m received mocked response! {"rawResponse":{}}
[90m18:06:35:777[0m [34m[fetch][0m emitting the "response" event...
[90m18:06:35:793[0m [34m[fetch][0m received mocked response! {"rawResponse":{}}
[90m18:06:35:793[0m [34m[fetch][0m emitting the "response" event...
[90m18:06:35:795[0m [34m[fetch][0m [GET] http://localhost/api/projects/997/event_definitions/?names=signed_up&limit=1
[90m18:06:35:795[0m [34m[fetch][0m awaiting for the mocked response...
[90m18:06:35:795[0m [34m[fetch][0m emitting the "request" event for 1 listener(s)...
[90m18:06:35:798[0m [34m[fetch][0m received mocked response! {"rawResponse":{}}
[90m18:06:35:799[0m [34m[fetch][0m emitting the "response" event...
[90m18:06:35:800[0m [34m[fetch][0m received mocked response! {"rawResponse":{}}
[90m18:06:35:801[0m [34m[fetch][0m emitting the "response" event...
[90m18:06:35:828[0m [34m[fetch][0m received mocked response! {"rawResponse":{}}
[90m18:06:35:828[0m [34m[fetch][0m emitting the "response" event...
[90m18:06:35:847[0m [34m[fetch][0m received mocked response! {"rawResponse":{}}
[90m18:06:35:847[0m [34m[fetch][0m emitting the "response" event...
[90m18:06:35:853[0m [34m[fetch][0m [GET] http://localhost/api/projects/997/tasks?ordering=-last_activity_at&created_by=179&exclude_origin_product=signals_scout
[90m18:06:35:853[0m [34m[fetch][0m awaiting for the mocked response...
[90m18:06:35:854[0m [34m[fetch][0m emitting the "request" event for 1 listener(s)...
[90m18:06:35:855[0m [34m[fetch][0m [GET] http://localhost/api/projects/997/conversations/
[90m18:06:35:855[0m [34m[fetch][0m awaiting for the mocked response...
[90m18:06:35:855[0m [34m[fetch][0m emitting the "request" event for 1 listener(s)...
[90m18:06:35:860[0m [34m[fetch][0m received mocked response! {"rawResponse":{}}
[90m18:06:35:860[0m [34m[fetch][0m emitting the "response" event...
[90m18:06:35:861[0m [34m[fetch][0m received mocked response! {"rawResponse":{}}
[90m18:06:35:861[0m [34m[fetch][0m emitting the "response" event...
[90m18:06:35:868[0m [34m[fetch][0m [GET] http://localhost/_preflight/
[90m18:06:35:869[0m [34m[fetch][0m awaiting for the mocked response...
[90m18:06:35:869[0m [34m[fetch][0m emitting the "request" event for 1 listener(s)...
[90m18:06:35:881[0m [34m[fetch][0m [GET] http://localhost/api/projects/997/hog_flow_templates/
[90m18:06:35:882[0m [34m[fetch][0m awaiting for the mocked response...
[90m18:06:35:882[0m [34m[fetch][0m emitting the "request" event for 1 listener(s)...
[90m18:06:35:884[0m [34m[fetch][0m [POST] http://localhost/api/projects/997/file_system/log_view/
[90m18:06:35:884[0m [34m[fetch][0m awaiting for the mocked response...
[90m18:06:35:884[0m [34m[fetch][0m emitting the "request" event for 1 listener(s)...
[90m18:06:35:886[0m [34m[fetch][0m [GET] http://localhost/api/projects/997/integrations/?limit=100&offset=0
[90m18:06:35:886[0m [34m[fetch][0m awaiting for the mocked response...
[90m18:06:35:886[0m [34m[fetch][0m emitting the "request" event for 1 listener(s)...
[90m18:06:35:889[0m [34m[fetch][0m received mocked response! {"rawResponse":{}}
[90m18:06:35:890[0m [34m[fetch][0m emitting the "response" event...
[90m18:06:35:893[0m [34m[fetch][0m [GET] http://localhost/api/projects/997/tasks?ordering=-last_activity_at&created_by=179&exclude_origin_product=signals_scout
[90m18:06:35:893[0m [34m[fetch][0m awaiting for the mocked response...
[90m18:06:35:893[0m [34m[fetch][0m emitting the "request" event for 1 listener(s)...
[90m18:06:35:894[0m [34m[fetch][0m [GET] http://localhost/api/projects/997/conversations/
[90m18:06:35:894[0m [34m[fetch][0m awaiting for the mocked response...
[90m18:06:35:894[0m [34m[fetch][0m emitting the "request" event for 1 listener(s)...
[90m18:06:35:896[0m [34m[fetch][0m received mocked response! {"rawResponse":{}}
[90m18:06:35:896[0m [34m[fetch][0m emitting the "response" event...
[90m18:06:35:912[0m [34m[fetch][0m received mocked response! {"rawResponse":{}}
[90m18:06:35:912[0m [34m[fetch][0m emitting the "response" event...
[90m18:06:35:914[0m [34m[fetch][0m [GET] http://localhost/api/projects/997/event_definitions/?names=signed_up&limit=1
[90m18:06:35:914[0m [34m[fetch][0m awaiting for the mocked response...
[90m18:06:35:914[0m [34m[fetch][0m emitting the "request" event for 1 listener(s)...
[90m18:06:35:917[0m [34m[fetch][0m received mocked response! {"rawResponse":{}}
[90m18:06:35:917[0m [34m[fetch][0m emitting the "response" event...
[90m18:06:35:919[0m [34m[fetch][0m received mocked response! {"rawResponse":{}}
[90m18:06:35:919[0m [34m[fetch][0m emitting the "response" event...
[90m18:06:35:947[0m [34m[fetch][0m received mocked response! {"rawResponse":{}}
[90m18:06:35:947[0m [34m[fetch][0m emitting the "response" event...
[90m18:06:35:966[0m [34m[fetch][0m received mocked response! {"rawResponse":{}}
[90m18:06:35:966[0m [34m[fetch][0m emitting the "response" event...
[90m18:06:35:973[0m [34m[interceptor-source:dispose][0m disposing the interceptor...
[90m18:06:35:973[0m [34m[interceptor-source][0m retrieved global instance: BatchInterceptor
[90m18:06:35:973[0m [34m[interceptor-source][0m cleared global instance! interceptor-source
[90m18:06:35:973[0m [34m[interceptor-source:dispose][0m global symbol deleted: undefined
[90m18:06:35:973[0m [34m[interceptor-source:dispose][0m disposing of 4 subscriptions...
[90m18:06:35:973[0m [34m[client-request-interceptor:dispose][0m disposing the interceptor...
[90m18:06:35:973[0m [34m[client-request-interceptor][0m retrieved global instance: ClientRequestInterceptor
[90m18:06:35:973[0m [34m[client-request-interceptor][0m cleared global instance! client-request-interceptor
[90m18:06:35:973[0m [34m[client-request-interceptor:dispose][0m global symbol deleted: undefined
[90m18:06:35:973[0m [34m[client-request-interceptor:dispose][0m disposing of 1 subscriptions...
[90m18:06:35:973[0m [34m[client-request-interceptor:dispose][0m disposed of all subscriptions! 0
[90m18:06:35:973[0m [34m[client-request-interceptor:dispose][0m destroyed the listener!
[90m18:06:35:973[0m [34m[xhr:dispose][0m disposing the interceptor...
[90m18:06:35:973[0m [34m[xhr][0m retrieved global instance: XMLHttpRequestInterceptor
[90m18:06:35:973[0m [34m[xhr][0m cleared global instance! xhr
[90m18:06:35:973[0m [34m[xhr:dispose][0m global symbol deleted: undefined
[90m18:06:35:973[0m [34m[xhr:dispose][0m disposing of 1 subscriptions...
[90m18:06:35:973[0m [34m[xhr:setup][0m native "XMLHttpRequest" module restored! XMLHttpRequest
[90m18:06:35:973[0m [34m[xhr:dispose][0m disposed of all subscriptions! 0
[90m18:06:35:973[0m [34m[xhr:dispose][0m destroyed the listener!
[90m18:06:35:973[0m [34m[fetch:dispose][0m disposing the interceptor...
[90m18:06:35:973[0m [34m[fetch][0m retrieved global instance: FetchInterceptor
[90m18:06:35:973[0m [34m[fetch][0m cleared global instance! fetch
[90m18:06:35:973[0m [34m[fetch:dispose][0m global symbol deleted: undefined
[90m18:06:35:973[0m [34m[fetch:dispose][0m disposing of 1 subscriptions...
[90m18:06:35:973[0m [34m[fetch][0m restored native "globalThis.fetch"! 
[90m18:06:35:973[0m [34m[fetch:dispose][0m disposed of all subscriptions! 0
[90m18:06:35:973[0m [34m[fetch:dispose][0m destroyed the listener!
[90m18:06:35:973[0m [34m[websocket:dispose][0m disposing the interceptor...
[90m18:06:35:973[0m [34m[websocket][0m retrieved global instance: WebSocketInterceptor
[90m18:06:35:973[0m [34m[websocket][0m cleared global instance! websocket
[90m18:06:35:973[0m [34m[websocket:dispose][0m global symbol deleted: undefined
[90m18:06:35:973[0m [34m[websocket:dispose][0m disposing of 1 subscriptions...
[90m18:06:35:974[0m [34m[websocket:dispose][0m disposed of all subscriptions! 0
[90m18:06:35:974[0m [34m[websocket:dispose][0m destroyed the listener!
[90m18:06:35:974[0m [34m[interceptor-source:dispose][0m disposed of all subscriptions! 0
[90m18:06:35:974[0m [34m[interceptor-source:dispose][0m destroyed the listener!
PASS ../products/workflows/frontend/firstRun/firstRunEmailAgentLogic.test.ts
  firstRunEmailAgentLogic
    ✓ opens PostHog AI with the selected unsaved email and sends no prompt (207 ms)
    ✓ removes the unsaved email context when the user switches to legacy PostHog AI (124 ms)
    ✓ keeps a manually closed panel closed across email switches and revisits until the button reopens it (121 ms)
    ✓ keeps oversized unsaved email context parseable and within its per-message budget (107 ms)

Test Suites: 1 passed, 1 total
Tests:       4 passed, 4 total
Snapshots:   0 total
Time:        3.447 s, estimated 4 s
Ran all test suites matching /products\/workflows\/frontend\/firstRun\/firstRunEmailAgentLogic.test.ts/i.
