[90m18:49:07:798[0m [34m[client-request-interceptor][0m constructing the interceptor...
[90m18:49:07:811[0m [34m[xhr][0m constructing the interceptor...
[90m18:49:07:812[0m [34m[fetch][0m constructing the interceptor...
[90m18:49:07:812[0m [34m[websocket][0m constructing the interceptor...
[90m18:49:07:812[0m [34m[interceptor-source][0m constructing the interceptor...
[90m18:49:10:362[0m [34m[interceptor-source:apply][0m applying the interceptor...
[90m18:49:10:362[0m [34m[interceptor-source][0m retrieved global instance: undefined
[90m18:49:10:362[0m [34m[interceptor-source:apply][0m no running instance found, setting up a new instance...
[90m18:49:10:362[0m [34m[interceptor-source:setup][0m applying all 4 interceptors...
[90m18:49:10:362[0m [34m[interceptor-source:setup][0m applying "ClientRequestInterceptor" interceptor...
[90m18:49:10:362[0m [34m[client-request-interceptor:apply][0m applying the interceptor...
[90m18:49:10:362[0m [34m[client-request-interceptor][0m retrieved global instance: undefined
[90m18:49:10:362[0m [34m[client-request-interceptor:apply][0m no running instance found, setting up a new instance...
[90m18:49:10:363[0m [34m[client-request-interceptor][0m set global instance! client-request-interceptor
[90m18:49:10:363[0m [34m[interceptor-source:setup][0m adding interceptor dispose subscription
[90m18:49:10:363[0m [34m[interceptor-source:setup][0m applying "XMLHttpRequestInterceptor" interceptor...
[90m18:49:10:363[0m [34m[xhr:apply][0m applying the interceptor...
[90m18:49:10:363[0m [34m[xhr][0m retrieved global instance: undefined
[90m18:49:10:363[0m [34m[xhr:apply][0m no running instance found, setting up a new instance...
[90m18:49:10:363[0m [34m[xhr:setup][0m patching "XMLHttpRequest" module...
[90m18:49:10:363[0m [34m[xhr:setup][0m native "XMLHttpRequest" module patched! XMLHttpRequest
[90m18:49:10:363[0m [34m[xhr][0m set global instance! xhr
[90m18:49:10:363[0m [34m[interceptor-source:setup][0m adding interceptor dispose subscription
[90m18:49:10:363[0m [34m[interceptor-source:setup][0m applying "FetchInterceptor" interceptor...
[90m18:49:10:363[0m [34m[fetch:apply][0m applying the interceptor...
[90m18:49:10:363[0m [34m[fetch][0m retrieved global instance: undefined
[90m18:49:10:363[0m [34m[fetch:apply][0m no running instance found, setting up a new instance...
[90m18:49:10:363[0m [34m[fetch][0m set global instance! fetch
[90m18:49:10:363[0m [34m[interceptor-source:setup][0m adding interceptor dispose subscription
[90m18:49:10:363[0m [34m[interceptor-source:setup][0m applying "WebSocketInterceptor" interceptor...
[90m18:49:10:363[0m [34m[websocket:apply][0m applying the interceptor...
[90m18:49:10:364[0m [34m[websocket][0m retrieved global instance: undefined
[90m18:49:10:364[0m [34m[websocket:apply][0m no running instance found, setting up a new instance...
[90m18:49:10:364[0m [34m[websocket][0m set global instance! websocket
[90m18:49:10:364[0m [34m[interceptor-source:setup][0m adding interceptor dispose subscription
[90m18:49:10:364[0m [34m[interceptor-source][0m set global instance! interceptor-source
[90m18:49:10:364[0m [34m[client-request-interceptor:on][0m adding "request" event listener: function () { [native code] }
[90m18:49:10:364[0m [34m[xhr:on][0m adding "request" event listener: function () { [native code] }
[90m18:49:10:364[0m [34m[fetch:on][0m adding "request" event listener: function () { [native code] }
[90m18:49:10:364[0m [34m[websocket:on][0m adding "request" event listener: function () { [native code] }
[90m18:49:10:364[0m [34m[client-request-interceptor:on][0m adding "response" event listener: function () { [native code] }
[90m18:49:10:364[0m [34m[xhr:on][0m adding "response" event listener: function () { [native code] }
[90m18:49:10:364[0m [34m[fetch:on][0m adding "response" event listener: function () { [native code] }
[90m18:49:10:364[0m [34m[websocket:on][0m adding "response" event listener: function () { [native code] }
[90m18:49:10:364[0m [34m[client-request-interceptor:on][0m adding "connection" event listener: function () { [native code] }
[90m18:49:10:364[0m [34m[xhr:on][0m adding "connection" event listener: function () { [native code] }
[90m18:49:10:364[0m [34m[fetch:on][0m adding "connection" event listener: function () { [native code] }
[90m18:49:10:364[0m [34m[websocket:on][0m adding "connection" event listener: function () { [native code] }
[90m18:49:10:379[0m [34m[fetch][0m [GET] http://localhost/_preflight/
[90m18:49:10:379[0m [34m[fetch][0m awaiting for the mocked response...
[90m18:49:10:379[0m [34m[fetch][0m emitting the "request" event for 1 listener(s)...
[90m18:49:10:415[0m [34m[fetch][0m [GET] http://localhost/api/projects/997/hog_flow_templates/
[90m18:49:10:415[0m [34m[fetch][0m awaiting for the mocked response...
[90m18:49:10:415[0m [34m[fetch][0m emitting the "request" event for 1 listener(s)...
[90m18:49:10:426[0m [34m[fetch][0m [POST] http://localhost/api/projects/997/file_system/log_view/
[90m18:49:10:426[0m [34m[fetch][0m awaiting for the mocked response...
[90m18:49:10:427[0m [34m[fetch][0m emitting the "request" event for 1 listener(s)...
[90m18:49:10:430[0m [34m[fetch][0m [GET] http://localhost/api/projects/997/integrations/?limit=100&offset=0
[90m18:49:10:430[0m [34m[fetch][0m awaiting for the mocked response...
[90m18:49:10:430[0m [34m[fetch][0m emitting the "request" event for 1 listener(s)...
[90m18:49:10:440[0m [34m[fetch][0m received mocked response! {"rawResponse":{}}
[90m18:49:10:441[0m [34m[fetch][0m emitting the "response" event...
[90m18:49:10:449[0m [34m[fetch][0m [GET] http://localhost/api/projects/997/tasks?ordering=-last_activity_at&created_by=179&exclude_origin_product=signals_scout
[90m18:49:10:449[0m [34m[fetch][0m awaiting for the mocked response...
[90m18:49:10:449[0m [34m[fetch][0m emitting the "request" event for 1 listener(s)...
[90m18:49:10:451[0m [34m[fetch][0m [GET] http://localhost/api/projects/997/conversations/
[90m18:49:10:451[0m [34m[fetch][0m awaiting for the mocked response...
[90m18:49:10:451[0m [34m[fetch][0m emitting the "request" event for 1 listener(s)...
[90m18:49:10:457[0m [34m[fetch][0m received mocked response! {"rawResponse":{}}
[90m18:49:10:457[0m [34m[fetch][0m emitting the "response" event...
[90m18:49:10:462[0m [34m[fetch][0m received mocked response! {"rawResponse":{}}
[90m18:49:10:462[0m [34m[fetch][0m emitting the "response" event...
[90m18:49:10:471[0m [34m[fetch][0m received mocked response! {"rawResponse":{}}
[90m18:49:10:471[0m [34m[fetch][0m emitting the "response" event...
[90m18:49:10:473[0m [34m[fetch][0m [GET] http://localhost/api/projects/997/event_definitions/?names=signed_up&limit=1
[90m18:49:10:473[0m [34m[fetch][0m awaiting for the mocked response...
[90m18:49:10:473[0m [34m[fetch][0m emitting the "request" event for 1 listener(s)...
[90m18:49:10:477[0m [34m[fetch][0m received mocked response! {"rawResponse":{}}
[90m18:49:10:478[0m [34m[fetch][0m emitting the "response" event...
[90m18:49:10:481[0m [34m[fetch][0m received mocked response! {"rawResponse":{}}
[90m18:49:10:481[0m [34m[fetch][0m emitting the "response" event...
[90m18:49:10:538[0m [34m[fetch][0m received mocked response! {"rawResponse":{}}
[90m18:49:10:538[0m [34m[fetch][0m emitting the "response" event...
[90m18:49:10:546[0m [34m[interceptor-source:dispose][0m disposing the interceptor...
[90m18:49:10:546[0m [34m[interceptor-source][0m retrieved global instance: BatchInterceptor
[90m18:49:10:546[0m [34m[interceptor-source][0m cleared global instance! interceptor-source
[90m18:49:10:546[0m [34m[interceptor-source:dispose][0m global symbol deleted: undefined
[90m18:49:10:546[0m [34m[interceptor-source:dispose][0m disposing of 4 subscriptions...
[90m18:49:10:546[0m [34m[client-request-interceptor:dispose][0m disposing the interceptor...
[90m18:49:10:546[0m [34m[client-request-interceptor][0m retrieved global instance: ClientRequestInterceptor
[90m18:49:10:546[0m [34m[client-request-interceptor][0m cleared global instance! client-request-interceptor
[90m18:49:10:546[0m [34m[client-request-interceptor:dispose][0m global symbol deleted: undefined
[90m18:49:10:546[0m [34m[client-request-interceptor:dispose][0m disposing of 1 subscriptions...
[90m18:49:10:546[0m [34m[client-request-interceptor:dispose][0m disposed of all subscriptions! 0
[90m18:49:10:546[0m [34m[client-request-interceptor:dispose][0m destroyed the listener!
[90m18:49:10:546[0m [34m[xhr:dispose][0m disposing the interceptor...
[90m18:49:10:546[0m [34m[xhr][0m retrieved global instance: XMLHttpRequestInterceptor
[90m18:49:10:546[0m [34m[xhr][0m cleared global instance! xhr
[90m18:49:10:546[0m [34m[xhr:dispose][0m global symbol deleted: undefined
[90m18:49:10:546[0m [34m[xhr:dispose][0m disposing of 1 subscriptions...
[90m18:49:10:546[0m [34m[xhr:setup][0m native "XMLHttpRequest" module restored! XMLHttpRequest
[90m18:49:10:546[0m [34m[xhr:dispose][0m disposed of all subscriptions! 0
[90m18:49:10:546[0m [34m[xhr:dispose][0m destroyed the listener!
[90m18:49:10:546[0m [34m[fetch:dispose][0m disposing the interceptor...
[90m18:49:10:546[0m [34m[fetch][0m retrieved global instance: FetchInterceptor
[90m18:49:10:546[0m [34m[fetch][0m cleared global instance! fetch
[90m18:49:10:546[0m [34m[fetch:dispose][0m global symbol deleted: undefined
[90m18:49:10:546[0m [34m[fetch:dispose][0m disposing of 1 subscriptions...
[90m18:49:10:546[0m [34m[fetch][0m restored native "globalThis.fetch"! 
[90m18:49:10:546[0m [34m[fetch:dispose][0m disposed of all subscriptions! 0
[90m18:49:10:546[0m [34m[fetch:dispose][0m destroyed the listener!
[90m18:49:10:547[0m [34m[websocket:dispose][0m disposing the interceptor...
[90m18:49:10:547[0m [34m[websocket][0m retrieved global instance: WebSocketInterceptor
[90m18:49:10:547[0m [34m[websocket][0m cleared global instance! websocket
[90m18:49:10:547[0m [34m[websocket:dispose][0m global symbol deleted: undefined
[90m18:49:10:547[0m [34m[websocket:dispose][0m disposing of 1 subscriptions...
[90m18:49:10:547[0m [34m[websocket:dispose][0m disposed of all subscriptions! 0
[90m18:49:10:547[0m [34m[websocket:dispose][0m destroyed the listener!
[90m18:49:10:547[0m [34m[interceptor-source:dispose][0m disposed of all subscriptions! 0
[90m18:49:10:547[0m [34m[interceptor-source:dispose][0m destroyed the listener!
PASS ../products/workflows/frontend/firstRun/firstRunEmailAgentLogic.test.ts
  firstRunEmailAgentLogic
    ✓ preserves another open panel until the user chooses PostHog AI (180 ms)
    ○ skipped opens PostHog AI with the selected unsaved email and sends no prompt
    ○ skipped reattaches a dismissed email when the button reopens PostHog AI
    ○ skipped waits for preflight before opening and clears context when AI becomes unavailable
    ○ skipped removes the unsaved email context when the user switches to legacy PostHog AI
    ○ skipped does not remember a dismissal when AI was already closed
    ○ skipped keeps a manually closed panel closed across email switches and revisits until the button reopens it
    ○ skipped opens after the AI rollout resolves and preserves a later dismissal
    ○ skipped opens after the side panel mounts and preserves a later dismissal
    ○ skipped attaches the plain text body without a visual design that will not be sent
    ○ skipped uses rendered HTML when the visual design exceeds the context budget
    ○ skipped bounds escaped metadata and the chip label as well as oversized email bodies
    ○ skipped keeps oversized unsaved email context parseable and within its per-message budget

Test Suites: 1 passed, 1 total
Tests:       12 skipped, 1 passed, 13 total
Snapshots:   0 total
Time:        3.559 s
Ran all test suites matching /products\/workflows\/frontend\/firstRun\/firstRunEmailAgentLogic.test.ts/i with tests matching "preserves another open panel".
