Detected: Jest test (via @posthog/frontend)
🚀 pnpm --filter=@posthog/frontend exec jest products/workflows/frontend/firstRun/firstRunEmailAgentLogic.test.ts
[90m18:04:03:302[0m [34m[client-request-interceptor][0m constructing the interceptor...
[90m18:04:03:315[0m [34m[xhr][0m constructing the interceptor...
[90m18:04:03:315[0m [34m[fetch][0m constructing the interceptor...
[90m18:04:03:315[0m [34m[websocket][0m constructing the interceptor...
[90m18:04:03:316[0m [34m[interceptor-source][0m constructing the interceptor...
[90m18:04:05:409[0m [34m[interceptor-source:apply][0m applying the interceptor...
[90m18:04:05:409[0m [34m[interceptor-source][0m retrieved global instance: undefined
[90m18:04:05:409[0m [34m[interceptor-source:apply][0m no running instance found, setting up a new instance...
[90m18:04:05:410[0m [34m[interceptor-source:setup][0m applying all 4 interceptors...
[90m18:04:05:410[0m [34m[interceptor-source:setup][0m applying "ClientRequestInterceptor" interceptor...
[90m18:04:05:410[0m [34m[client-request-interceptor:apply][0m applying the interceptor...
[90m18:04:05:410[0m [34m[client-request-interceptor][0m retrieved global instance: undefined
[90m18:04:05:410[0m [34m[client-request-interceptor:apply][0m no running instance found, setting up a new instance...
[90m18:04:05:410[0m [34m[client-request-interceptor][0m set global instance! client-request-interceptor
[90m18:04:05:410[0m [34m[interceptor-source:setup][0m adding interceptor dispose subscription
[90m18:04:05:410[0m [34m[interceptor-source:setup][0m applying "XMLHttpRequestInterceptor" interceptor...
[90m18:04:05:410[0m [34m[xhr:apply][0m applying the interceptor...
[90m18:04:05:410[0m [34m[xhr][0m retrieved global instance: undefined
[90m18:04:05:410[0m [34m[xhr:apply][0m no running instance found, setting up a new instance...
[90m18:04:05:410[0m [34m[xhr:setup][0m patching "XMLHttpRequest" module...
[90m18:04:05:410[0m [34m[xhr:setup][0m native "XMLHttpRequest" module patched! XMLHttpRequest
[90m18:04:05:410[0m [34m[xhr][0m set global instance! xhr
[90m18:04:05:410[0m [34m[interceptor-source:setup][0m adding interceptor dispose subscription
[90m18:04:05:410[0m [34m[interceptor-source:setup][0m applying "FetchInterceptor" interceptor...
[90m18:04:05:410[0m [34m[fetch:apply][0m applying the interceptor...
[90m18:04:05:410[0m [34m[fetch][0m retrieved global instance: undefined
[90m18:04:05:410[0m [34m[fetch:apply][0m no running instance found, setting up a new instance...
[90m18:04:05:411[0m [34m[fetch][0m set global instance! fetch
[90m18:04:05:411[0m [34m[interceptor-source:setup][0m adding interceptor dispose subscription
[90m18:04:05:411[0m [34m[interceptor-source:setup][0m applying "WebSocketInterceptor" interceptor...
[90m18:04:05:411[0m [34m[websocket:apply][0m applying the interceptor...
[90m18:04:05:411[0m [34m[websocket][0m retrieved global instance: undefined
[90m18:04:05:411[0m [34m[websocket:apply][0m no running instance found, setting up a new instance...
[90m18:04:05:411[0m [34m[websocket][0m set global instance! websocket
[90m18:04:05:411[0m [34m[interceptor-source:setup][0m adding interceptor dispose subscription
[90m18:04:05:411[0m [34m[interceptor-source][0m set global instance! interceptor-source
[90m18:04:05:411[0m [34m[client-request-interceptor:on][0m adding "request" event listener: function () { [native code] }
[90m18:04:05:411[0m [34m[xhr:on][0m adding "request" event listener: function () { [native code] }
[90m18:04:05:411[0m [34m[fetch:on][0m adding "request" event listener: function () { [native code] }
[90m18:04:05:411[0m [34m[websocket:on][0m adding "request" event listener: function () { [native code] }
[90m18:04:05:411[0m [34m[client-request-interceptor:on][0m adding "response" event listener: function () { [native code] }
[90m18:04:05:411[0m [34m[xhr:on][0m adding "response" event listener: function () { [native code] }
[90m18:04:05:411[0m [34m[fetch:on][0m adding "response" event listener: function () { [native code] }
[90m18:04:05:411[0m [34m[websocket:on][0m adding "response" event listener: function () { [native code] }
[90m18:04:05:411[0m [34m[client-request-interceptor:on][0m adding "connection" event listener: function () { [native code] }
[90m18:04:05:411[0m [34m[xhr:on][0m adding "connection" event listener: function () { [native code] }
[90m18:04:05:411[0m [34m[fetch:on][0m adding "connection" event listener: function () { [native code] }
[90m18:04:05:411[0m [34m[websocket:on][0m adding "connection" event listener: function () { [native code] }
[90m18:04:05:426[0m [34m[fetch][0m [GET] http://localhost/_preflight/
[90m18:04:05:426[0m [34m[fetch][0m awaiting for the mocked response...
[90m18:04:05:426[0m [34m[fetch][0m emitting the "request" event for 1 listener(s)...
[90m18:04:05:464[0m [34m[fetch][0m [GET] http://localhost/api/projects/997/hog_flow_templates/
[90m18:04:05:464[0m [34m[fetch][0m awaiting for the mocked response...
[90m18:04:05:464[0m [34m[fetch][0m emitting the "request" event for 1 listener(s)...
[90m18:04:05:476[0m [34m[fetch][0m [POST] http://localhost/api/projects/997/file_system/log_view/
[90m18:04:05:476[0m [34m[fetch][0m awaiting for the mocked response...
[90m18:04:05:476[0m [34m[fetch][0m emitting the "request" event for 1 listener(s)...
[90m18:04:05:479[0m [34m[fetch][0m [GET] http://localhost/api/projects/997/integrations/?limit=100&offset=0
[90m18:04:05:479[0m [34m[fetch][0m awaiting for the mocked response...
[90m18:04:05:479[0m [34m[fetch][0m emitting the "request" event for 1 listener(s)...
[90m18:04:05:490[0m [34m[fetch][0m received mocked response! {"rawResponse":{}}
[90m18:04:05:491[0m [34m[fetch][0m emitting the "response" event...
[90m18:04:05:498[0m [34m[fetch][0m [GET] http://localhost/api/projects/997/tasks?ordering=-last_activity_at&created_by=179&exclude_origin_product=signals_scout
[90m18:04:05:498[0m [34m[fetch][0m awaiting for the mocked response...
[90m18:04:05:498[0m [34m[fetch][0m emitting the "request" event for 1 listener(s)...
[90m18:04:05:500[0m [34m[fetch][0m [GET] http://localhost/api/projects/997/conversations/
[90m18:04:05:500[0m [34m[fetch][0m awaiting for the mocked response...
[90m18:04:05:500[0m [34m[fetch][0m emitting the "request" event for 1 listener(s)...
[90m18:04:05:504[0m [34m[fetch][0m received mocked response! {"rawResponse":{}}
[90m18:04:05:504[0m [34m[fetch][0m emitting the "response" event...
[90m18:04:05:526[0m [34m[fetch][0m received mocked response! {"rawResponse":{}}
[90m18:04:05:526[0m [34m[fetch][0m emitting the "response" event...
[90m18:04:05:529[0m [34m[fetch][0m [GET] http://localhost/api/projects/997/event_definitions/?names=signed_up&limit=1
[90m18:04:05:529[0m [34m[fetch][0m awaiting for the mocked response...
[90m18:04:05:529[0m [34m[fetch][0m emitting the "request" event for 1 listener(s)...
[90m18:04:05:534[0m [34m[fetch][0m received mocked response! {"rawResponse":{}}
[90m18:04:05:535[0m [34m[fetch][0m emitting the "response" event...
[90m18:04:05:537[0m [34m[fetch][0m received mocked response! {"rawResponse":{}}
[90m18:04:05:538[0m [34m[fetch][0m emitting the "response" event...
[90m18:04:05:584[0m [34m[fetch][0m received mocked response! {"rawResponse":{}}
[90m18:04:05:584[0m [34m[fetch][0m emitting the "response" event...
[90m18:04:05:613[0m [34m[fetch][0m received mocked response! {"rawResponse":{}}
[90m18:04:05:613[0m [34m[fetch][0m emitting the "response" event...
[90m18:04:05:625[0m [34m[fetch][0m [GET] http://localhost/_preflight/
[90m18:04:05:625[0m [34m[fetch][0m awaiting for the mocked response...
[90m18:04:05:625[0m [34m[fetch][0m emitting the "request" event for 1 listener(s)...
[90m18:04:05:640[0m [34m[fetch][0m [GET] http://localhost/api/projects/997/hog_flow_templates/
[90m18:04:05:640[0m [34m[fetch][0m awaiting for the mocked response...
[90m18:04:05:640[0m [34m[fetch][0m emitting the "request" event for 1 listener(s)...
[90m18:04:05:648[0m [34m[fetch][0m [POST] http://localhost/api/projects/997/file_system/log_view/
[90m18:04:05:649[0m [34m[fetch][0m awaiting for the mocked response...
[90m18:04:05:649[0m [34m[fetch][0m emitting the "request" event for 1 listener(s)...
[90m18:04:05:651[0m [34m[fetch][0m [GET] http://localhost/api/projects/997/integrations/?limit=100&offset=0
[90m18:04:05:651[0m [34m[fetch][0m awaiting for the mocked response...
[90m18:04:05:651[0m [34m[fetch][0m emitting the "request" event for 1 listener(s)...
[90m18:04:05:656[0m [34m[fetch][0m received mocked response! {"rawResponse":{}}
[90m18:04:05:656[0m [34m[fetch][0m emitting the "response" event...
[90m18:04:05:659[0m [34m[fetch][0m [GET] http://localhost/api/projects/997/tasks?ordering=-last_activity_at&created_by=179&exclude_origin_product=signals_scout
[90m18:04:05:659[0m [34m[fetch][0m awaiting for the mocked response...
[90m18:04:05:659[0m [34m[fetch][0m emitting the "request" event for 1 listener(s)...
[90m18:04:05:661[0m [34m[fetch][0m [GET] http://localhost/api/projects/997/conversations/
[90m18:04:05:661[0m [34m[fetch][0m awaiting for the mocked response...
[90m18:04:05:661[0m [34m[fetch][0m emitting the "request" event for 1 listener(s)...
[90m18:04:05:663[0m [34m[fetch][0m received mocked response! {"rawResponse":{}}
[90m18:04:05:663[0m [34m[fetch][0m emitting the "response" event...
[90m18:04:05:672[0m [34m[fetch][0m received mocked response! {"rawResponse":{}}
[90m18:04:05:672[0m [34m[fetch][0m emitting the "response" event...
[90m18:04:05:674[0m [34m[fetch][0m [GET] http://localhost/api/projects/997/event_definitions/?names=signed_up&limit=1
[90m18:04:05:674[0m [34m[fetch][0m awaiting for the mocked response...
[90m18:04:05:674[0m [34m[fetch][0m emitting the "request" event for 1 listener(s)...
[90m18:04:05:678[0m [34m[fetch][0m received mocked response! {"rawResponse":{}}
[90m18:04:05:678[0m [34m[fetch][0m emitting the "response" event...
[90m18:04:05:680[0m [34m[fetch][0m received mocked response! {"rawResponse":{}}
[90m18:04:05:680[0m [34m[fetch][0m emitting the "response" event...
[90m18:04:05:710[0m [34m[fetch][0m received mocked response! {"rawResponse":{}}
[90m18:04:05:710[0m [34m[fetch][0m emitting the "response" event...
[90m18:04:05:737[0m [34m[fetch][0m received mocked response! {"rawResponse":{}}
[90m18:04:05:737[0m [34m[fetch][0m emitting the "response" event...
[90m18:04:05:747[0m [34m[interceptor-source:dispose][0m disposing the interceptor...
[90m18:04:05:747[0m [34m[interceptor-source][0m retrieved global instance: BatchInterceptor
[90m18:04:05:747[0m [34m[interceptor-source][0m cleared global instance! interceptor-source
[90m18:04:05:747[0m [34m[interceptor-source:dispose][0m global symbol deleted: undefined
[90m18:04:05:747[0m [34m[interceptor-source:dispose][0m disposing of 4 subscriptions...
[90m18:04:05:747[0m [34m[client-request-interceptor:dispose][0m disposing the interceptor...
[90m18:04:05:747[0m [34m[client-request-interceptor][0m retrieved global instance: ClientRequestInterceptor
[90m18:04:05:747[0m [34m[client-request-interceptor][0m cleared global instance! client-request-interceptor
[90m18:04:05:747[0m [34m[client-request-interceptor:dispose][0m global symbol deleted: undefined
[90m18:04:05:747[0m [34m[client-request-interceptor:dispose][0m disposing of 1 subscriptions...
[90m18:04:05:747[0m [34m[client-request-interceptor:dispose][0m disposed of all subscriptions! 0
[90m18:04:05:747[0m [34m[client-request-interceptor:dispose][0m destroyed the listener!
[90m18:04:05:747[0m [34m[xhr:dispose][0m disposing the interceptor...
[90m18:04:05:747[0m [34m[xhr][0m retrieved global instance: XMLHttpRequestInterceptor
[90m18:04:05:747[0m [34m[xhr][0m cleared global instance! xhr
[90m18:04:05:747[0m [34m[xhr:dispose][0m global symbol deleted: undefined
[90m18:04:05:747[0m [34m[xhr:dispose][0m disposing of 1 subscriptions...
[90m18:04:05:747[0m [34m[xhr:setup][0m native "XMLHttpRequest" module restored! XMLHttpRequest
[90m18:04:05:747[0m [34m[xhr:dispose][0m disposed of all subscriptions! 0
[90m18:04:05:747[0m [34m[xhr:dispose][0m destroyed the listener!
[90m18:04:05:747[0m [34m[fetch:dispose][0m disposing the interceptor...
[90m18:04:05:747[0m [34m[fetch][0m retrieved global instance: FetchInterceptor
[90m18:04:05:747[0m [34m[fetch][0m cleared global instance! fetch
[90m18:04:05:747[0m [34m[fetch:dispose][0m global symbol deleted: undefined
[90m18:04:05:747[0m [34m[fetch:dispose][0m disposing of 1 subscriptions...
[90m18:04:05:747[0m [34m[fetch][0m restored native "globalThis.fetch"! 
[90m18:04:05:748[0m [34m[fetch:dispose][0m disposed of all subscriptions! 0
[90m18:04:05:748[0m [34m[fetch:dispose][0m destroyed the listener!
[90m18:04:05:748[0m [34m[websocket:dispose][0m disposing the interceptor...
[90m18:04:05:748[0m [34m[websocket][0m retrieved global instance: WebSocketInterceptor
[90m18:04:05:748[0m [34m[websocket][0m cleared global instance! websocket
[90m18:04:05:748[0m [34m[websocket:dispose][0m global symbol deleted: undefined
[90m18:04:05:748[0m [34m[websocket:dispose][0m disposing of 1 subscriptions...
[90m18:04:05:748[0m [34m[websocket:dispose][0m disposed of all subscriptions! 0
[90m18:04:05:748[0m [34m[websocket:dispose][0m destroyed the listener!
[90m18:04:05:748[0m [34m[interceptor-source:dispose][0m disposed of all subscriptions! 0
[90m18:04:05:748[0m [34m[interceptor-source:dispose][0m destroyed the listener!
PASS ../products/workflows/frontend/firstRun/firstRunEmailAgentLogic.test.ts
  firstRunEmailAgentLogic
    ✓ opens PostHog AI with the selected unsaved email and sends no prompt (209 ms)
    ✓ removes the unsaved email context when the user switches to legacy PostHog AI (124 ms)

Test Suites: 1 passed, 1 total
Tests:       2 passed, 2 total
Snapshots:   0 total
Time:        3.223 s
Ran all test suites matching /products\/workflows\/frontend\/firstRun\/firstRunEmailAgentLogic.test.ts/i.
