Detected: Jest test (via @posthog/frontend)
🚀 pnpm --filter=@posthog/frontend exec jest products/workflows/frontend/firstRun/firstRunEmailAgentLogic.test.ts
[90m17:58:14:221[0m [34m[client-request-interceptor][0m constructing the interceptor...
[90m17:58:14:234[0m [34m[xhr][0m constructing the interceptor...
[90m17:58:14:234[0m [34m[fetch][0m constructing the interceptor...
[90m17:58:14:234[0m [34m[websocket][0m constructing the interceptor...
[90m17:58:14:234[0m [34m[interceptor-source][0m constructing the interceptor...
[90m17:58:18:585[0m [34m[interceptor-source:apply][0m applying the interceptor...
[90m17:58:18:585[0m [34m[interceptor-source][0m retrieved global instance: undefined
[90m17:58:18:585[0m [34m[interceptor-source:apply][0m no running instance found, setting up a new instance...
[90m17:58:18:585[0m [34m[interceptor-source:setup][0m applying all 4 interceptors...
[90m17:58:18:585[0m [34m[interceptor-source:setup][0m applying "ClientRequestInterceptor" interceptor...
[90m17:58:18:586[0m [34m[client-request-interceptor:apply][0m applying the interceptor...
[90m17:58:18:586[0m [34m[client-request-interceptor][0m retrieved global instance: undefined
[90m17:58:18:586[0m [34m[client-request-interceptor:apply][0m no running instance found, setting up a new instance...
[90m17:58:18:586[0m [34m[client-request-interceptor][0m set global instance! client-request-interceptor
[90m17:58:18:586[0m [34m[interceptor-source:setup][0m adding interceptor dispose subscription
[90m17:58:18:586[0m [34m[interceptor-source:setup][0m applying "XMLHttpRequestInterceptor" interceptor...
[90m17:58:18:586[0m [34m[xhr:apply][0m applying the interceptor...
[90m17:58:18:586[0m [34m[xhr][0m retrieved global instance: undefined
[90m17:58:18:586[0m [34m[xhr:apply][0m no running instance found, setting up a new instance...
[90m17:58:18:586[0m [34m[xhr:setup][0m patching "XMLHttpRequest" module...
[90m17:58:18:586[0m [34m[xhr:setup][0m native "XMLHttpRequest" module patched! XMLHttpRequest
[90m17:58:18:586[0m [34m[xhr][0m set global instance! xhr
[90m17:58:18:586[0m [34m[interceptor-source:setup][0m adding interceptor dispose subscription
[90m17:58:18:586[0m [34m[interceptor-source:setup][0m applying "FetchInterceptor" interceptor...
[90m17:58:18:586[0m [34m[fetch:apply][0m applying the interceptor...
[90m17:58:18:586[0m [34m[fetch][0m retrieved global instance: undefined
[90m17:58:18:586[0m [34m[fetch:apply][0m no running instance found, setting up a new instance...
[90m17:58:18:586[0m [34m[fetch][0m set global instance! fetch
[90m17:58:18:586[0m [34m[interceptor-source:setup][0m adding interceptor dispose subscription
[90m17:58:18:586[0m [34m[interceptor-source:setup][0m applying "WebSocketInterceptor" interceptor...
[90m17:58:18:586[0m [34m[websocket:apply][0m applying the interceptor...
[90m17:58:18:587[0m [34m[websocket][0m retrieved global instance: undefined
[90m17:58:18:587[0m [34m[websocket:apply][0m no running instance found, setting up a new instance...
[90m17:58:18:587[0m [34m[websocket][0m set global instance! websocket
[90m17:58:18:587[0m [34m[interceptor-source:setup][0m adding interceptor dispose subscription
[90m17:58:18:587[0m [34m[interceptor-source][0m set global instance! interceptor-source
[90m17:58:18:587[0m [34m[client-request-interceptor:on][0m adding "request" event listener: function () { [native code] }
[90m17:58:18:587[0m [34m[xhr:on][0m adding "request" event listener: function () { [native code] }
[90m17:58:18:587[0m [34m[fetch:on][0m adding "request" event listener: function () { [native code] }
[90m17:58:18:587[0m [34m[websocket:on][0m adding "request" event listener: function () { [native code] }
[90m17:58:18:587[0m [34m[client-request-interceptor:on][0m adding "response" event listener: function () { [native code] }
[90m17:58:18:587[0m [34m[xhr:on][0m adding "response" event listener: function () { [native code] }
[90m17:58:18:587[0m [34m[fetch:on][0m adding "response" event listener: function () { [native code] }
[90m17:58:18:587[0m [34m[websocket:on][0m adding "response" event listener: function () { [native code] }
[90m17:58:18:587[0m [34m[client-request-interceptor:on][0m adding "connection" event listener: function () { [native code] }
[90m17:58:18:587[0m [34m[xhr:on][0m adding "connection" event listener: function () { [native code] }
[90m17:58:18:587[0m [34m[fetch:on][0m adding "connection" event listener: function () { [native code] }
[90m17:58:18:587[0m [34m[websocket:on][0m adding "connection" event listener: function () { [native code] }
[90m17:58:18:601[0m [34m[fetch][0m [GET] http://localhost/_preflight/
[90m17:58:18:601[0m [34m[fetch][0m awaiting for the mocked response...
[90m17:58:18:601[0m [34m[fetch][0m emitting the "request" event for 1 listener(s)...
[90m17:58:18:637[0m [34m[fetch][0m [GET] http://localhost/api/projects/997/hog_flow_templates/
[90m17:58:18:638[0m [34m[fetch][0m awaiting for the mocked response...
[90m17:58:18:638[0m [34m[fetch][0m emitting the "request" event for 1 listener(s)...
[90m17:58:18:649[0m [34m[fetch][0m [POST] http://localhost/api/projects/997/file_system/log_view/
[90m17:58:18:649[0m [34m[fetch][0m awaiting for the mocked response...
[90m17:58:18:649[0m [34m[fetch][0m emitting the "request" event for 1 listener(s)...
[90m17:58:18:652[0m [34m[fetch][0m [GET] http://localhost/api/projects/997/integrations/?limit=100&offset=0
[90m17:58:18:652[0m [34m[fetch][0m awaiting for the mocked response...
[90m17:58:18:653[0m [34m[fetch][0m emitting the "request" event for 1 listener(s)...
[90m17:58:18:663[0m [34m[fetch][0m received mocked response! {"rawResponse":{}}
[90m17:58:18:664[0m [34m[fetch][0m emitting the "response" event...
[90m17:58:18:668[0m [34m[fetch][0m received mocked response! {"rawResponse":{}}
[90m17:58:18:668[0m [34m[fetch][0m emitting the "response" event...
[90m17:58:18:678[0m [34m[fetch][0m [GET] http://localhost/api/projects/997/event_definitions/?names=signed_up&limit=1
[90m17:58:18:678[0m [34m[fetch][0m awaiting for the mocked response...
[90m17:58:18:678[0m [34m[fetch][0m emitting the "request" event for 1 listener(s)...
[90m17:58:18:690[0m [34m[fetch][0m received mocked response! {"rawResponse":{}}
[90m17:58:18:690[0m [34m[fetch][0m emitting the "response" event...
[90m17:58:18:730[0m [34m[fetch][0m received mocked response! {"rawResponse":{}}
[90m17:58:18:731[0m [34m[fetch][0m emitting the "response" event...
[90m17:58:18:760[0m [34m[fetch][0m received mocked response! {"rawResponse":{}}
[90m17:58:18:760[0m [34m[fetch][0m emitting the "response" event...
[90m17:58:18:773[0m [34m[interceptor-source:dispose][0m disposing the interceptor...
[90m17:58:18:774[0m [34m[interceptor-source][0m retrieved global instance: BatchInterceptor
[90m17:58:18:774[0m [34m[interceptor-source][0m cleared global instance! interceptor-source
[90m17:58:18:774[0m [34m[interceptor-source:dispose][0m global symbol deleted: undefined
[90m17:58:18:774[0m [34m[interceptor-source:dispose][0m disposing of 4 subscriptions...
[90m17:58:18:774[0m [34m[client-request-interceptor:dispose][0m disposing the interceptor...
[90m17:58:18:774[0m [34m[client-request-interceptor][0m retrieved global instance: ClientRequestInterceptor
[90m17:58:18:774[0m [34m[client-request-interceptor][0m cleared global instance! client-request-interceptor
[90m17:58:18:774[0m [34m[client-request-interceptor:dispose][0m global symbol deleted: undefined
[90m17:58:18:774[0m [34m[client-request-interceptor:dispose][0m disposing of 1 subscriptions...
[90m17:58:18:774[0m [34m[client-request-interceptor:dispose][0m disposed of all subscriptions! 0
[90m17:58:18:774[0m [34m[client-request-interceptor:dispose][0m destroyed the listener!
[90m17:58:18:774[0m [34m[xhr:dispose][0m disposing the interceptor...
[90m17:58:18:774[0m [34m[xhr][0m retrieved global instance: XMLHttpRequestInterceptor
[90m17:58:18:774[0m [34m[xhr][0m cleared global instance! xhr
[90m17:58:18:774[0m [34m[xhr:dispose][0m global symbol deleted: undefined
[90m17:58:18:774[0m [34m[xhr:dispose][0m disposing of 1 subscriptions...
[90m17:58:18:774[0m [34m[xhr:setup][0m native "XMLHttpRequest" module restored! XMLHttpRequest
[90m17:58:18:774[0m [34m[xhr:dispose][0m disposed of all subscriptions! 0
[90m17:58:18:774[0m [34m[xhr:dispose][0m destroyed the listener!
[90m17:58:18:774[0m [34m[fetch:dispose][0m disposing the interceptor...
[90m17:58:18:774[0m [34m[fetch][0m retrieved global instance: FetchInterceptor
[90m17:58:18:774[0m [34m[fetch][0m cleared global instance! fetch
[90m17:58:18:774[0m [34m[fetch:dispose][0m global symbol deleted: undefined
[90m17:58:18:774[0m [34m[fetch:dispose][0m disposing of 1 subscriptions...
[90m17:58:18:774[0m [34m[fetch][0m restored native "globalThis.fetch"! 
[90m17:58:18:774[0m [34m[fetch:dispose][0m disposed of all subscriptions! 0
[90m17:58:18:774[0m [34m[fetch:dispose][0m destroyed the listener!
[90m17:58:18:774[0m [34m[websocket:dispose][0m disposing the interceptor...
[90m17:58:18:774[0m [34m[websocket][0m retrieved global instance: WebSocketInterceptor
[90m17:58:18:774[0m [34m[websocket][0m cleared global instance! websocket
[90m17:58:18:774[0m [34m[websocket:dispose][0m global symbol deleted: undefined
[90m17:58:18:774[0m [34m[websocket:dispose][0m disposing of 1 subscriptions...
[90m17:58:18:774[0m [34m[websocket:dispose][0m disposed of all subscriptions! 0
[90m17:58:18:774[0m [34m[websocket:dispose][0m destroyed the listener!
[90m17:58:18:774[0m [34m[interceptor-source:dispose][0m disposed of all subscriptions! 0
[90m17:58:18:774[0m [34m[interceptor-source:dispose][0m destroyed the listener!
FAIL ../products/workflows/frontend/firstRun/firstRunEmailAgentLogic.test.ts (5.206 s)
  firstRunEmailAgentLogic
    ✕ opens PostHog AI with the selected unsaved email and sends no prompt (185 ms)

  ● firstRunEmailAgentLogic › opens PostHog AI with the selected unsaved email and sends no prompt

    expect(received).toBe(expected) // Object.is equality

    Expected: true
    Received: false

      85 |         await open()
      86 |
    > 87 |         expect(sidePanelStateLogic.values.sidePanelOpen).toBe(true)
         |                            ^
      88 |         expect(sidePanelStateLogic.values.selectedTab).toBe(SidePanelTab.Max)
      89 |         expect(sidePanelStateLogic.values.selectedTabOptions).toBeNull()
      90 |         const context = attachedContextLogic.values.contextItems.find((item) => item.type === 'first_run_email')

      at Object.<anonymous> (../products/workflows/frontend/firstRun/firstRunEmailAgentLogic.test.ts:87:28)

Test Suites: 1 failed, 1 total
Tests:       1 failed, 1 total
Snapshots:   0 total
Time:        5.558 s
Ran all test suites matching /products\/workflows\/frontend\/firstRun\/firstRunEmailAgentLogic.test.ts/i.
undefined
/home/coder/.t3/worktrees/posthog/fr-261/frontend:
 ERR_PNPM_RECURSIVE_EXEC_FIRST_FAIL  Command failed with exit code 1: jest products/workflows/frontend/firstRun/firstRunEmailAgentLogic.test.ts
💥 Command failed: pnpm --filter=@posthog/frontend exec jest products/workflows/frontend/firstRun/firstRunEmailAgentLogic.test.ts
