Detected: Jest test (via @posthog/frontend)
🚀 pnpm --filter=@posthog/frontend exec jest products/workflows/frontend/firstRun/firstRunEmailAgentLogic.test.ts
[90m18:06:05:16[0m [34m[client-request-interceptor][0m constructing the interceptor...
[90m18:06:05:29[0m [34m[xhr][0m constructing the interceptor...
[90m18:06:05:29[0m [34m[fetch][0m constructing the interceptor...
[90m18:06:05:29[0m [34m[websocket][0m constructing the interceptor...
[90m18:06:05:29[0m [34m[interceptor-source][0m constructing the interceptor...
[90m18:06:07:424[0m [34m[interceptor-source:apply][0m applying the interceptor...
[90m18:06:07:424[0m [34m[interceptor-source][0m retrieved global instance: undefined
[90m18:06:07:424[0m [34m[interceptor-source:apply][0m no running instance found, setting up a new instance...
[90m18:06:07:424[0m [34m[interceptor-source:setup][0m applying all 4 interceptors...
[90m18:06:07:424[0m [34m[interceptor-source:setup][0m applying "ClientRequestInterceptor" interceptor...
[90m18:06:07:424[0m [34m[client-request-interceptor:apply][0m applying the interceptor...
[90m18:06:07:424[0m [34m[client-request-interceptor][0m retrieved global instance: undefined
[90m18:06:07:424[0m [34m[client-request-interceptor:apply][0m no running instance found, setting up a new instance...
[90m18:06:07:425[0m [34m[client-request-interceptor][0m set global instance! client-request-interceptor
[90m18:06:07:425[0m [34m[interceptor-source:setup][0m adding interceptor dispose subscription
[90m18:06:07:425[0m [34m[interceptor-source:setup][0m applying "XMLHttpRequestInterceptor" interceptor...
[90m18:06:07:425[0m [34m[xhr:apply][0m applying the interceptor...
[90m18:06:07:425[0m [34m[xhr][0m retrieved global instance: undefined
[90m18:06:07:425[0m [34m[xhr:apply][0m no running instance found, setting up a new instance...
[90m18:06:07:425[0m [34m[xhr:setup][0m patching "XMLHttpRequest" module...
[90m18:06:07:425[0m [34m[xhr:setup][0m native "XMLHttpRequest" module patched! XMLHttpRequest
[90m18:06:07:425[0m [34m[xhr][0m set global instance! xhr
[90m18:06:07:425[0m [34m[interceptor-source:setup][0m adding interceptor dispose subscription
[90m18:06:07:425[0m [34m[interceptor-source:setup][0m applying "FetchInterceptor" interceptor...
[90m18:06:07:425[0m [34m[fetch:apply][0m applying the interceptor...
[90m18:06:07:425[0m [34m[fetch][0m retrieved global instance: undefined
[90m18:06:07:425[0m [34m[fetch:apply][0m no running instance found, setting up a new instance...
[90m18:06:07:425[0m [34m[fetch][0m set global instance! fetch
[90m18:06:07:425[0m [34m[interceptor-source:setup][0m adding interceptor dispose subscription
[90m18:06:07:425[0m [34m[interceptor-source:setup][0m applying "WebSocketInterceptor" interceptor...
[90m18:06:07:425[0m [34m[websocket:apply][0m applying the interceptor...
[90m18:06:07:425[0m [34m[websocket][0m retrieved global instance: undefined
[90m18:06:07:425[0m [34m[websocket:apply][0m no running instance found, setting up a new instance...
[90m18:06:07:425[0m [34m[websocket][0m set global instance! websocket
[90m18:06:07:425[0m [34m[interceptor-source:setup][0m adding interceptor dispose subscription
[90m18:06:07:426[0m [34m[interceptor-source][0m set global instance! interceptor-source
[90m18:06:07:426[0m [34m[client-request-interceptor:on][0m adding "request" event listener: function () { [native code] }
[90m18:06:07:426[0m [34m[xhr:on][0m adding "request" event listener: function () { [native code] }
[90m18:06:07:426[0m [34m[fetch:on][0m adding "request" event listener: function () { [native code] }
[90m18:06:07:426[0m [34m[websocket:on][0m adding "request" event listener: function () { [native code] }
[90m18:06:07:426[0m [34m[client-request-interceptor:on][0m adding "response" event listener: function () { [native code] }
[90m18:06:07:426[0m [34m[xhr:on][0m adding "response" event listener: function () { [native code] }
[90m18:06:07:426[0m [34m[fetch:on][0m adding "response" event listener: function () { [native code] }
[90m18:06:07:426[0m [34m[websocket:on][0m adding "response" event listener: function () { [native code] }
[90m18:06:07:426[0m [34m[client-request-interceptor:on][0m adding "connection" event listener: function () { [native code] }
[90m18:06:07:426[0m [34m[xhr:on][0m adding "connection" event listener: function () { [native code] }
[90m18:06:07:426[0m [34m[fetch:on][0m adding "connection" event listener: function () { [native code] }
[90m18:06:07:426[0m [34m[websocket:on][0m adding "connection" event listener: function () { [native code] }
[90m18:06:07:440[0m [34m[fetch][0m [GET] http://localhost/_preflight/
[90m18:06:07:440[0m [34m[fetch][0m awaiting for the mocked response...
[90m18:06:07:440[0m [34m[fetch][0m emitting the "request" event for 1 listener(s)...
[90m18:06:07:477[0m [34m[fetch][0m [GET] http://localhost/api/projects/997/hog_flow_templates/
[90m18:06:07:477[0m [34m[fetch][0m awaiting for the mocked response...
[90m18:06:07:477[0m [34m[fetch][0m emitting the "request" event for 1 listener(s)...
[90m18:06:07:489[0m [34m[fetch][0m [POST] http://localhost/api/projects/997/file_system/log_view/
[90m18:06:07:489[0m [34m[fetch][0m awaiting for the mocked response...
[90m18:06:07:489[0m [34m[fetch][0m emitting the "request" event for 1 listener(s)...
[90m18:06:07:492[0m [34m[fetch][0m [GET] http://localhost/api/projects/997/integrations/?limit=100&offset=0
[90m18:06:07:492[0m [34m[fetch][0m awaiting for the mocked response...
[90m18:06:07:492[0m [34m[fetch][0m emitting the "request" event for 1 listener(s)...
[90m18:06:07:504[0m [34m[fetch][0m received mocked response! {"rawResponse":{}}
[90m18:06:07:504[0m [34m[fetch][0m emitting the "response" event...
[90m18:06:07:511[0m [34m[fetch][0m [GET] http://localhost/api/projects/997/tasks?ordering=-last_activity_at&created_by=179&exclude_origin_product=signals_scout
[90m18:06:07:511[0m [34m[fetch][0m awaiting for the mocked response...
[90m18:06:07:511[0m [34m[fetch][0m emitting the "request" event for 1 listener(s)...
[90m18:06:07:514[0m [34m[fetch][0m [GET] http://localhost/api/projects/997/conversations/
[90m18:06:07:514[0m [34m[fetch][0m awaiting for the mocked response...
[90m18:06:07:514[0m [34m[fetch][0m emitting the "request" event for 1 listener(s)...
[90m18:06:07:517[0m [34m[fetch][0m received mocked response! {"rawResponse":{}}
[90m18:06:07:518[0m [34m[fetch][0m emitting the "response" event...
[90m18:06:07:534[0m [34m[fetch][0m received mocked response! {"rawResponse":{}}
[90m18:06:07:534[0m [34m[fetch][0m emitting the "response" event...
[90m18:06:07:537[0m [34m[fetch][0m [GET] http://localhost/api/projects/997/event_definitions/?names=signed_up&limit=1
[90m18:06:07:537[0m [34m[fetch][0m awaiting for the mocked response...
[90m18:06:07:537[0m [34m[fetch][0m emitting the "request" event for 1 listener(s)...
[90m18:06:07:543[0m [34m[fetch][0m received mocked response! {"rawResponse":{}}
[90m18:06:07:543[0m [34m[fetch][0m emitting the "response" event...
[90m18:06:07:546[0m [34m[fetch][0m received mocked response! {"rawResponse":{}}
[90m18:06:07:546[0m [34m[fetch][0m emitting the "response" event...
[90m18:06:07:598[0m [34m[fetch][0m received mocked response! {"rawResponse":{}}
[90m18:06:07:598[0m [34m[fetch][0m emitting the "response" event...
[90m18:06:07:639[0m [34m[fetch][0m received mocked response! {"rawResponse":{}}
[90m18:06:07:639[0m [34m[fetch][0m emitting the "response" event...
[90m18:06:07:652[0m [34m[fetch][0m [GET] http://localhost/_preflight/
[90m18:06:07:652[0m [34m[fetch][0m awaiting for the mocked response...
[90m18:06:07:652[0m [34m[fetch][0m emitting the "request" event for 1 listener(s)...
[90m18:06:07:667[0m [34m[fetch][0m [GET] http://localhost/api/projects/997/hog_flow_templates/
[90m18:06:07:667[0m [34m[fetch][0m awaiting for the mocked response...
[90m18:06:07:667[0m [34m[fetch][0m emitting the "request" event for 1 listener(s)...
[90m18:06:07:670[0m [34m[fetch][0m [POST] http://localhost/api/projects/997/file_system/log_view/
[90m18:06:07:670[0m [34m[fetch][0m awaiting for the mocked response...
[90m18:06:07:670[0m [34m[fetch][0m emitting the "request" event for 1 listener(s)...
[90m18:06:07:672[0m [34m[fetch][0m [GET] http://localhost/api/projects/997/integrations/?limit=100&offset=0
[90m18:06:07:672[0m [34m[fetch][0m awaiting for the mocked response...
[90m18:06:07:672[0m [34m[fetch][0m emitting the "request" event for 1 listener(s)...
[90m18:06:07:676[0m [34m[fetch][0m received mocked response! {"rawResponse":{}}
[90m18:06:07:676[0m [34m[fetch][0m emitting the "response" event...
[90m18:06:07:679[0m [34m[fetch][0m [GET] http://localhost/api/projects/997/tasks?ordering=-last_activity_at&created_by=179&exclude_origin_product=signals_scout
[90m18:06:07:680[0m [34m[fetch][0m awaiting for the mocked response...
[90m18:06:07:680[0m [34m[fetch][0m emitting the "request" event for 1 listener(s)...
[90m18:06:07:681[0m [34m[fetch][0m [GET] http://localhost/api/projects/997/conversations/
[90m18:06:07:681[0m [34m[fetch][0m awaiting for the mocked response...
[90m18:06:07:681[0m [34m[fetch][0m emitting the "request" event for 1 listener(s)...
[90m18:06:07:683[0m [34m[fetch][0m received mocked response! {"rawResponse":{}}
[90m18:06:07:683[0m [34m[fetch][0m emitting the "response" event...
[90m18:06:07:698[0m [34m[fetch][0m received mocked response! {"rawResponse":{}}
[90m18:06:07:698[0m [34m[fetch][0m emitting the "response" event...
[90m18:06:07:701[0m [34m[fetch][0m [GET] http://localhost/api/projects/997/event_definitions/?names=signed_up&limit=1
[90m18:06:07:702[0m [34m[fetch][0m awaiting for the mocked response...
[90m18:06:07:702[0m [34m[fetch][0m emitting the "request" event for 1 listener(s)...
[90m18:06:07:706[0m [34m[fetch][0m received mocked response! {"rawResponse":{}}
[90m18:06:07:707[0m [34m[fetch][0m emitting the "response" event...
[90m18:06:07:709[0m [34m[fetch][0m received mocked response! {"rawResponse":{}}
[90m18:06:07:709[0m [34m[fetch][0m emitting the "response" event...
[90m18:06:07:739[0m [34m[fetch][0m received mocked response! {"rawResponse":{}}
[90m18:06:07:739[0m [34m[fetch][0m emitting the "response" event...
[90m18:06:07:765[0m [34m[fetch][0m received mocked response! {"rawResponse":{}}
[90m18:06:07:765[0m [34m[fetch][0m emitting the "response" event...
[90m18:06:07:777[0m [34m[fetch][0m [GET] http://localhost/_preflight/
[90m18:06:07:778[0m [34m[fetch][0m awaiting for the mocked response...
[90m18:06:07:778[0m [34m[fetch][0m emitting the "request" event for 1 listener(s)...
[90m18:06:07:791[0m [34m[fetch][0m [GET] http://localhost/api/projects/997/hog_flow_templates/
[90m18:06:07:791[0m [34m[fetch][0m awaiting for the mocked response...
[90m18:06:07:791[0m [34m[fetch][0m emitting the "request" event for 1 listener(s)...
[90m18:06:07:794[0m [34m[fetch][0m [POST] http://localhost/api/projects/997/file_system/log_view/
[90m18:06:07:794[0m [34m[fetch][0m awaiting for the mocked response...
[90m18:06:07:794[0m [34m[fetch][0m emitting the "request" event for 1 listener(s)...
[90m18:06:07:796[0m [34m[fetch][0m [GET] http://localhost/api/projects/997/integrations/?limit=100&offset=0
[90m18:06:07:796[0m [34m[fetch][0m awaiting for the mocked response...
[90m18:06:07:796[0m [34m[fetch][0m emitting the "request" event for 1 listener(s)...
[90m18:06:07:800[0m [34m[fetch][0m received mocked response! {"rawResponse":{}}
[90m18:06:07:800[0m [34m[fetch][0m emitting the "response" event...
[90m18:06:07:803[0m [34m[fetch][0m [GET] http://localhost/api/projects/997/tasks?ordering=-last_activity_at&created_by=179&exclude_origin_product=signals_scout
[90m18:06:07:803[0m [34m[fetch][0m awaiting for the mocked response...
[90m18:06:07:803[0m [34m[fetch][0m emitting the "request" event for 1 listener(s)...
[90m18:06:07:805[0m [34m[fetch][0m [GET] http://localhost/api/projects/997/conversations/
[90m18:06:07:805[0m [34m[fetch][0m awaiting for the mocked response...
[90m18:06:07:805[0m [34m[fetch][0m emitting the "request" event for 1 listener(s)...
[90m18:06:07:807[0m [34m[fetch][0m received mocked response! {"rawResponse":{}}
[90m18:06:07:807[0m [34m[fetch][0m emitting the "response" event...
[90m18:06:07:816[0m [34m[fetch][0m received mocked response! {"rawResponse":{}}
[90m18:06:07:816[0m [34m[fetch][0m emitting the "response" event...
[90m18:06:07:817[0m [34m[fetch][0m [GET] http://localhost/api/projects/997/event_definitions/?names=signed_up&limit=1
[90m18:06:07:817[0m [34m[fetch][0m awaiting for the mocked response...
[90m18:06:07:818[0m [34m[fetch][0m emitting the "request" event for 1 listener(s)...
[90m18:06:07:821[0m [34m[fetch][0m received mocked response! {"rawResponse":{}}
[90m18:06:07:821[0m [34m[fetch][0m emitting the "response" event...
[90m18:06:07:823[0m [34m[fetch][0m received mocked response! {"rawResponse":{}}
[90m18:06:07:823[0m [34m[fetch][0m emitting the "response" event...
[90m18:06:07:860[0m [34m[fetch][0m received mocked response! {"rawResponse":{}}
[90m18:06:07:860[0m [34m[fetch][0m emitting the "response" event...
[90m18:06:07:879[0m [34m[fetch][0m received mocked response! {"rawResponse":{}}
[90m18:06:07:879[0m [34m[fetch][0m emitting the "response" event...
[90m18:06:07:885[0m [34m[fetch][0m [GET] http://localhost/api/projects/997/tasks?ordering=-last_activity_at&created_by=179&exclude_origin_product=signals_scout
[90m18:06:07:885[0m [34m[fetch][0m awaiting for the mocked response...
[90m18:06:07:885[0m [34m[fetch][0m emitting the "request" event for 1 listener(s)...
[90m18:06:07:887[0m [34m[fetch][0m [GET] http://localhost/api/projects/997/conversations/
[90m18:06:07:887[0m [34m[fetch][0m awaiting for the mocked response...
[90m18:06:07:887[0m [34m[fetch][0m emitting the "request" event for 1 listener(s)...
[90m18:06:07:892[0m [34m[fetch][0m received mocked response! {"rawResponse":{}}
[90m18:06:07:892[0m [34m[fetch][0m emitting the "response" event...
[90m18:06:07:893[0m [34m[fetch][0m received mocked response! {"rawResponse":{}}
[90m18:06:07:893[0m [34m[fetch][0m emitting the "response" event...
[90m18:06:07:901[0m [34m[fetch][0m [GET] http://localhost/_preflight/
[90m18:06:07:901[0m [34m[fetch][0m awaiting for the mocked response...
[90m18:06:07:901[0m [34m[fetch][0m emitting the "request" event for 1 listener(s)...
[90m18:06:07:914[0m [34m[fetch][0m [GET] http://localhost/api/projects/997/hog_flow_templates/
[90m18:06:07:914[0m [34m[fetch][0m awaiting for the mocked response...
[90m18:06:07:914[0m [34m[fetch][0m emitting the "request" event for 1 listener(s)...
[90m18:06:07:917[0m [34m[fetch][0m [POST] http://localhost/api/projects/997/file_system/log_view/
[90m18:06:07:917[0m [34m[fetch][0m awaiting for the mocked response...
[90m18:06:07:917[0m [34m[fetch][0m emitting the "request" event for 1 listener(s)...
[90m18:06:07:918[0m [34m[fetch][0m [GET] http://localhost/api/projects/997/integrations/?limit=100&offset=0
[90m18:06:07:918[0m [34m[fetch][0m awaiting for the mocked response...
[90m18:06:07:918[0m [34m[fetch][0m emitting the "request" event for 1 listener(s)...
[90m18:06:07:922[0m [34m[fetch][0m received mocked response! {"rawResponse":{}}
[90m18:06:07:922[0m [34m[fetch][0m emitting the "response" event...
[90m18:06:07:925[0m [34m[fetch][0m [GET] http://localhost/api/projects/997/tasks?ordering=-last_activity_at&created_by=179&exclude_origin_product=signals_scout
[90m18:06:07:925[0m [34m[fetch][0m awaiting for the mocked response...
[90m18:06:07:925[0m [34m[fetch][0m emitting the "request" event for 1 listener(s)...
[90m18:06:07:926[0m [34m[fetch][0m [GET] http://localhost/api/projects/997/conversations/
[90m18:06:07:926[0m [34m[fetch][0m awaiting for the mocked response...
[90m18:06:07:926[0m [34m[fetch][0m emitting the "request" event for 1 listener(s)...
[90m18:06:07:928[0m [34m[fetch][0m received mocked response! {"rawResponse":{}}
[90m18:06:07:928[0m [34m[fetch][0m emitting the "response" event...
[90m18:06:07:935[0m [34m[fetch][0m received mocked response! {"rawResponse":{}}
[90m18:06:07:936[0m [34m[fetch][0m emitting the "response" event...
[90m18:06:07:937[0m [34m[fetch][0m [GET] http://localhost/api/projects/997/event_definitions/?names=signed_up&limit=1
[90m18:06:07:937[0m [34m[fetch][0m awaiting for the mocked response...
[90m18:06:07:937[0m [34m[fetch][0m emitting the "request" event for 1 listener(s)...
[90m18:06:07:940[0m [34m[fetch][0m received mocked response! {"rawResponse":{}}
[90m18:06:07:940[0m [34m[fetch][0m emitting the "response" event...
[90m18:06:07:942[0m [34m[fetch][0m received mocked response! {"rawResponse":{}}
[90m18:06:07:942[0m [34m[fetch][0m emitting the "response" event...
[90m18:06:07:977[0m [34m[fetch][0m received mocked response! {"rawResponse":{}}
[90m18:06:07:977[0m [34m[fetch][0m emitting the "response" event...
[90m18:06:07:997[0m [34m[fetch][0m received mocked response! {"rawResponse":{}}
[90m18:06:07:997[0m [34m[fetch][0m emitting the "response" event...
[90m18:06:08:5[0m [34m[interceptor-source:dispose][0m disposing the interceptor...
[90m18:06:08:5[0m [34m[interceptor-source][0m retrieved global instance: BatchInterceptor
[90m18:06:08:5[0m [34m[interceptor-source][0m cleared global instance! interceptor-source
[90m18:06:08:5[0m [34m[interceptor-source:dispose][0m global symbol deleted: undefined
[90m18:06:08:5[0m [34m[interceptor-source:dispose][0m disposing of 4 subscriptions...
[90m18:06:08:5[0m [34m[client-request-interceptor:dispose][0m disposing the interceptor...
[90m18:06:08:5[0m [34m[client-request-interceptor][0m retrieved global instance: ClientRequestInterceptor
[90m18:06:08:5[0m [34m[client-request-interceptor][0m cleared global instance! client-request-interceptor
[90m18:06:08:5[0m [34m[client-request-interceptor:dispose][0m global symbol deleted: undefined
[90m18:06:08:5[0m [34m[client-request-interceptor:dispose][0m disposing of 1 subscriptions...
[90m18:06:08:5[0m [34m[client-request-interceptor:dispose][0m disposed of all subscriptions! 0
[90m18:06:08:5[0m [34m[client-request-interceptor:dispose][0m destroyed the listener!
[90m18:06:08:5[0m [34m[xhr:dispose][0m disposing the interceptor...
[90m18:06:08:5[0m [34m[xhr][0m retrieved global instance: XMLHttpRequestInterceptor
[90m18:06:08:5[0m [34m[xhr][0m cleared global instance! xhr
[90m18:06:08:5[0m [34m[xhr:dispose][0m global symbol deleted: undefined
[90m18:06:08:5[0m [34m[xhr:dispose][0m disposing of 1 subscriptions...
[90m18:06:08:5[0m [34m[xhr:setup][0m native "XMLHttpRequest" module restored! XMLHttpRequest
[90m18:06:08:5[0m [34m[xhr:dispose][0m disposed of all subscriptions! 0
[90m18:06:08:5[0m [34m[xhr:dispose][0m destroyed the listener!
[90m18:06:08:5[0m [34m[fetch:dispose][0m disposing the interceptor...
[90m18:06:08:5[0m [34m[fetch][0m retrieved global instance: FetchInterceptor
[90m18:06:08:5[0m [34m[fetch][0m cleared global instance! fetch
[90m18:06:08:5[0m [34m[fetch:dispose][0m global symbol deleted: undefined
[90m18:06:08:5[0m [34m[fetch:dispose][0m disposing of 1 subscriptions...
[90m18:06:08:5[0m [34m[fetch][0m restored native "globalThis.fetch"! 
[90m18:06:08:5[0m [34m[fetch:dispose][0m disposed of all subscriptions! 0
[90m18:06:08:5[0m [34m[fetch:dispose][0m destroyed the listener!
[90m18:06:08:5[0m [34m[websocket:dispose][0m disposing the interceptor...
[90m18:06:08:5[0m [34m[websocket][0m retrieved global instance: WebSocketInterceptor
[90m18:06:08:5[0m [34m[websocket][0m cleared global instance! websocket
[90m18:06:08:5[0m [34m[websocket:dispose][0m global symbol deleted: undefined
[90m18:06:08:5[0m [34m[websocket:dispose][0m disposing of 1 subscriptions...
[90m18:06:08:6[0m [34m[websocket:dispose][0m disposed of all subscriptions! 0
[90m18:06:08:6[0m [34m[websocket:dispose][0m destroyed the listener!
[90m18:06:08:6[0m [34m[interceptor-source:dispose][0m disposed of all subscriptions! 0
[90m18:06:08:6[0m [34m[interceptor-source:dispose][0m destroyed the listener!
FAIL ../products/workflows/frontend/firstRun/firstRunEmailAgentLogic.test.ts
  firstRunEmailAgentLogic
    ✓ opens PostHog AI with the selected unsaved email and sends no prompt (222 ms)
    ✓ removes the unsaved email context when the user switches to legacy PostHog AI (125 ms)
    ✓ keeps a manually closed panel closed across email switches and revisits until the button reopens it (123 ms)
    ✕ keeps oversized unsaved email context parseable and within its per-message budget (106 ms)

  ● firstRunEmailAgentLogic › keeps oversized unsaved email context parseable and within its per-message budget

    expect(received).toBeLessThanOrEqual(expected)

    Expected: <= 64000
    Received:    72317

      160 |
      161 |         const context = attachedContextLogic.values.contextItems.find((item) => item.type === 'text')
    > 162 |         expect(context?.value?.length).toBeLessThanOrEqual(64_000)
          |                            ^
      163 |         expect(JSON.parse(context?.value ?? '{}')).toMatchObject({
      164 |             email_id: 'email_1',
      165 |             position: 1,

      at Object.<anonymous> (../products/workflows/frontend/firstRun/firstRunEmailAgentLogic.test.ts:162:28)

Test Suites: 1 failed, 1 total
Tests:       1 failed, 3 passed, 4 total
Snapshots:   0 total
Time:        3.868 s
Ran all test suites matching /products\/workflows\/frontend\/firstRun\/firstRunEmailAgentLogic.test.ts/i.
undefined
/home/coder/.t3/worktrees/posthog/fr-261/frontend:
 ERR_PNPM_RECURSIVE_EXEC_FIRST_FAIL  Command failed with exit code 1: jest products/workflows/frontend/firstRun/firstRunEmailAgentLogic.test.ts
💥 Command failed: pnpm --filter=@posthog/frontend exec jest products/workflows/frontend/firstRun/firstRunEmailAgentLogic.test.ts
