[90m18:40:06:149[0m [34m[client-request-interceptor][0m constructing the interceptor...
[90m18:40:06:162[0m [34m[xhr][0m constructing the interceptor...
[90m18:40:06:162[0m [34m[fetch][0m constructing the interceptor...
[90m18:40:06:162[0m [34m[websocket][0m constructing the interceptor...
[90m18:40:06:162[0m [34m[interceptor-source][0m constructing the interceptor...
[90m18:40:08:257[0m [34m[interceptor-source:apply][0m applying the interceptor...
[90m18:40:08:257[0m [34m[interceptor-source][0m retrieved global instance: undefined
[90m18:40:08:257[0m [34m[interceptor-source:apply][0m no running instance found, setting up a new instance...
[90m18:40:08:257[0m [34m[interceptor-source:setup][0m applying all 4 interceptors...
[90m18:40:08:258[0m [34m[interceptor-source:setup][0m applying "ClientRequestInterceptor" interceptor...
[90m18:40:08:258[0m [34m[client-request-interceptor:apply][0m applying the interceptor...
[90m18:40:08:258[0m [34m[client-request-interceptor][0m retrieved global instance: undefined
[90m18:40:08:258[0m [34m[client-request-interceptor:apply][0m no running instance found, setting up a new instance...
[90m18:40:08:258[0m [34m[client-request-interceptor][0m set global instance! client-request-interceptor
[90m18:40:08:258[0m [34m[interceptor-source:setup][0m adding interceptor dispose subscription
[90m18:40:08:258[0m [34m[interceptor-source:setup][0m applying "XMLHttpRequestInterceptor" interceptor...
[90m18:40:08:258[0m [34m[xhr:apply][0m applying the interceptor...
[90m18:40:08:258[0m [34m[xhr][0m retrieved global instance: undefined
[90m18:40:08:258[0m [34m[xhr:apply][0m no running instance found, setting up a new instance...
[90m18:40:08:258[0m [34m[xhr:setup][0m patching "XMLHttpRequest" module...
[90m18:40:08:258[0m [34m[xhr:setup][0m native "XMLHttpRequest" module patched! XMLHttpRequest
[90m18:40:08:258[0m [34m[xhr][0m set global instance! xhr
[90m18:40:08:258[0m [34m[interceptor-source:setup][0m adding interceptor dispose subscription
[90m18:40:08:258[0m [34m[interceptor-source:setup][0m applying "FetchInterceptor" interceptor...
[90m18:40:08:258[0m [34m[fetch:apply][0m applying the interceptor...
[90m18:40:08:258[0m [34m[fetch][0m retrieved global instance: undefined
[90m18:40:08:258[0m [34m[fetch:apply][0m no running instance found, setting up a new instance...
[90m18:40:08:258[0m [34m[fetch][0m set global instance! fetch
[90m18:40:08:259[0m [34m[interceptor-source:setup][0m adding interceptor dispose subscription
[90m18:40:08:259[0m [34m[interceptor-source:setup][0m applying "WebSocketInterceptor" interceptor...
[90m18:40:08:259[0m [34m[websocket:apply][0m applying the interceptor...
[90m18:40:08:259[0m [34m[websocket][0m retrieved global instance: undefined
[90m18:40:08:259[0m [34m[websocket:apply][0m no running instance found, setting up a new instance...
[90m18:40:08:259[0m [34m[websocket][0m set global instance! websocket
[90m18:40:08:259[0m [34m[interceptor-source:setup][0m adding interceptor dispose subscription
[90m18:40:08:259[0m [34m[interceptor-source][0m set global instance! interceptor-source
[90m18:40:08:259[0m [34m[client-request-interceptor:on][0m adding "request" event listener: function () { [native code] }
[90m18:40:08:259[0m [34m[xhr:on][0m adding "request" event listener: function () { [native code] }
[90m18:40:08:259[0m [34m[fetch:on][0m adding "request" event listener: function () { [native code] }
[90m18:40:08:259[0m [34m[websocket:on][0m adding "request" event listener: function () { [native code] }
[90m18:40:08:259[0m [34m[client-request-interceptor:on][0m adding "response" event listener: function () { [native code] }
[90m18:40:08:259[0m [34m[xhr:on][0m adding "response" event listener: function () { [native code] }
[90m18:40:08:259[0m [34m[fetch:on][0m adding "response" event listener: function () { [native code] }
[90m18:40:08:259[0m [34m[websocket:on][0m adding "response" event listener: function () { [native code] }
[90m18:40:08:259[0m [34m[client-request-interceptor:on][0m adding "connection" event listener: function () { [native code] }
[90m18:40:08:259[0m [34m[xhr:on][0m adding "connection" event listener: function () { [native code] }
[90m18:40:08:259[0m [34m[fetch:on][0m adding "connection" event listener: function () { [native code] }
[90m18:40:08:259[0m [34m[websocket:on][0m adding "connection" event listener: function () { [native code] }
[90m18:40:08:274[0m [34m[fetch][0m [GET] http://localhost/_preflight/
[90m18:40:08:274[0m [34m[fetch][0m awaiting for the mocked response...
[90m18:40:08:274[0m [34m[fetch][0m emitting the "request" event for 1 listener(s)...
[90m18:40:08:310[0m [34m[fetch][0m [GET] http://localhost/api/projects/997/hog_flow_templates/
[90m18:40:08:311[0m [34m[fetch][0m awaiting for the mocked response...
[90m18:40:08:311[0m [34m[fetch][0m emitting the "request" event for 1 listener(s)...
[90m18:40:08:322[0m [34m[fetch][0m [POST] http://localhost/api/projects/997/file_system/log_view/
[90m18:40:08:322[0m [34m[fetch][0m awaiting for the mocked response...
[90m18:40:08:322[0m [34m[fetch][0m emitting the "request" event for 1 listener(s)...
[90m18:40:08:325[0m [34m[fetch][0m [GET] http://localhost/api/projects/997/integrations/?limit=100&offset=0
[90m18:40:08:325[0m [34m[fetch][0m awaiting for the mocked response...
[90m18:40:08:325[0m [34m[fetch][0m emitting the "request" event for 1 listener(s)...
[90m18:40:08:336[0m [34m[fetch][0m received mocked response! {"rawResponse":{}}
[90m18:40:08:336[0m [34m[fetch][0m emitting the "response" event...
[90m18:40:08:343[0m [34m[fetch][0m [GET] http://localhost/api/projects/997/tasks?ordering=-last_activity_at&created_by=179&exclude_origin_product=signals_scout
[90m18:40:08:343[0m [34m[fetch][0m awaiting for the mocked response...
[90m18:40:08:343[0m [34m[fetch][0m emitting the "request" event for 1 listener(s)...
[90m18:40:08:345[0m [34m[fetch][0m [GET] http://localhost/api/projects/997/conversations/
[90m18:40:08:345[0m [34m[fetch][0m awaiting for the mocked response...
[90m18:40:08:345[0m [34m[fetch][0m emitting the "request" event for 1 listener(s)...
[90m18:40:08:349[0m [34m[fetch][0m received mocked response! {"rawResponse":{}}
[90m18:40:08:349[0m [34m[fetch][0m emitting the "response" event...
[90m18:40:08:364[0m [34m[fetch][0m received mocked response! {"rawResponse":{}}
[90m18:40:08:364[0m [34m[fetch][0m emitting the "response" event...
[90m18:40:08:367[0m [34m[fetch][0m [GET] http://localhost/api/projects/997/event_definitions/?names=signed_up&limit=1
[90m18:40:08:367[0m [34m[fetch][0m awaiting for the mocked response...
[90m18:40:08:367[0m [34m[fetch][0m emitting the "request" event for 1 listener(s)...
[90m18:40:08:373[0m [34m[fetch][0m received mocked response! {"rawResponse":{}}
[90m18:40:08:373[0m [34m[fetch][0m emitting the "response" event...
[90m18:40:08:376[0m [34m[fetch][0m received mocked response! {"rawResponse":{}}
[90m18:40:08:377[0m [34m[fetch][0m emitting the "response" event...
[90m18:40:08:431[0m [34m[fetch][0m received mocked response! {"rawResponse":{}}
[90m18:40:08:431[0m [34m[fetch][0m emitting the "response" event...
[90m18:40:08:459[0m [34m[fetch][0m received mocked response! {"rawResponse":{}}
[90m18:40:08:459[0m [34m[fetch][0m emitting the "response" event...
[90m18:40:08:469[0m [34m[interceptor-source:dispose][0m disposing the interceptor...
[90m18:40:08:469[0m [34m[interceptor-source][0m retrieved global instance: BatchInterceptor
[90m18:40:08:469[0m [34m[interceptor-source][0m cleared global instance! interceptor-source
[90m18:40:08:469[0m [34m[interceptor-source:dispose][0m global symbol deleted: undefined
[90m18:40:08:469[0m [34m[interceptor-source:dispose][0m disposing of 4 subscriptions...
[90m18:40:08:469[0m [34m[client-request-interceptor:dispose][0m disposing the interceptor...
[90m18:40:08:469[0m [34m[client-request-interceptor][0m retrieved global instance: ClientRequestInterceptor
[90m18:40:08:469[0m [34m[client-request-interceptor][0m cleared global instance! client-request-interceptor
[90m18:40:08:470[0m [34m[client-request-interceptor:dispose][0m global symbol deleted: undefined
[90m18:40:08:470[0m [34m[client-request-interceptor:dispose][0m disposing of 1 subscriptions...
[90m18:40:08:470[0m [34m[client-request-interceptor:dispose][0m disposed of all subscriptions! 0
[90m18:40:08:470[0m [34m[client-request-interceptor:dispose][0m destroyed the listener!
[90m18:40:08:470[0m [34m[xhr:dispose][0m disposing the interceptor...
[90m18:40:08:470[0m [34m[xhr][0m retrieved global instance: XMLHttpRequestInterceptor
[90m18:40:08:470[0m [34m[xhr][0m cleared global instance! xhr
[90m18:40:08:470[0m [34m[xhr:dispose][0m global symbol deleted: undefined
[90m18:40:08:470[0m [34m[xhr:dispose][0m disposing of 1 subscriptions...
[90m18:40:08:470[0m [34m[xhr:setup][0m native "XMLHttpRequest" module restored! XMLHttpRequest
[90m18:40:08:470[0m [34m[xhr:dispose][0m disposed of all subscriptions! 0
[90m18:40:08:470[0m [34m[xhr:dispose][0m destroyed the listener!
[90m18:40:08:470[0m [34m[fetch:dispose][0m disposing the interceptor...
[90m18:40:08:470[0m [34m[fetch][0m retrieved global instance: FetchInterceptor
[90m18:40:08:470[0m [34m[fetch][0m cleared global instance! fetch
[90m18:40:08:470[0m [34m[fetch:dispose][0m global symbol deleted: undefined
[90m18:40:08:470[0m [34m[fetch:dispose][0m disposing of 1 subscriptions...
[90m18:40:08:470[0m [34m[fetch][0m restored native "globalThis.fetch"! 
[90m18:40:08:470[0m [34m[fetch:dispose][0m disposed of all subscriptions! 0
[90m18:40:08:470[0m [34m[fetch:dispose][0m destroyed the listener!
[90m18:40:08:470[0m [34m[websocket:dispose][0m disposing the interceptor...
[90m18:40:08:470[0m [34m[websocket][0m retrieved global instance: WebSocketInterceptor
[90m18:40:08:470[0m [34m[websocket][0m cleared global instance! websocket
[90m18:40:08:470[0m [34m[websocket:dispose][0m global symbol deleted: undefined
[90m18:40:08:470[0m [34m[websocket:dispose][0m disposing of 1 subscriptions...
[90m18:40:08:470[0m [34m[websocket:dispose][0m disposed of all subscriptions! 0
[90m18:40:08:470[0m [34m[websocket:dispose][0m destroyed the listener!
[90m18:40:08:470[0m [34m[interceptor-source:dispose][0m disposed of all subscriptions! 0
[90m18:40:08:470[0m [34m[interceptor-source:dispose][0m destroyed the listener!
FAIL ../products/workflows/frontend/firstRun/firstRunEmailAgentLogic.test.ts
  firstRunEmailAgentLogic
    ✕ attaches the plain text body without a visual design that will not be sent (208 ms)
    ○ skipped opens PostHog AI with the selected unsaved email and sends no prompt
    ○ skipped reattaches a dismissed email when the button reopens PostHog AI
    ○ skipped removes the unsaved email context when the user switches to legacy PostHog AI
    ○ skipped keeps a manually closed panel closed across email switches and revisits until the button reopens it
    ○ skipped opens after the AI rollout resolves and preserves a later dismissal
    ○ skipped opens after the side panel mounts and preserves a later dismissal
    ○ skipped keeps oversized unsaved email context parseable and within its per-message budget

  ● firstRunEmailAgentLogic › attaches the plain text body without a visual design that will not be sent

    expect(received).toEqual(expected) // deep equality

    - Expected  - 1
    + Received  + 5

      Object {
    -   "body_mode": "plaintext",
    +   "design": Object {
    +     "body": Object {
    +       "rows": Array [],
    +     },
    +   },
        "preheader": "Preview for Welcome",
        "subject": "Welcome",
        "text": "The new plain text body.",
      }

      196 |         })
      197 |         const email = attachedContextLogic.values.contextItems.find((item) => item.type === 'text')!
    > 198 |         expect(JSON.parse(email.value!).email).toEqual({
          |                            ^
      199 |             subject: 'Welcome',
      200 |             preheader: 'Preview for Welcome',
      201 |             text: 'The new plain text body.',

      at Object.<anonymous> (../products/workflows/frontend/firstRun/firstRunEmailAgentLogic.test.ts:198:28)

Test Suites: 1 failed, 1 total
Tests:       1 failed, 7 skipped, 8 total
Snapshots:   0 total
Time:        3.102 s
Ran all test suites matching /products\/workflows\/frontend\/firstRun\/firstRunEmailAgentLogic.test.ts/i with tests matching "attaches the plain text body".
undefined
/home/coder/.t3/worktrees/posthog/fr-261/frontend:
 ERR_PNPM_RECURSIVE_EXEC_FIRST_FAIL  Command failed with exit code 1: jest products/workflows/frontend/firstRun/firstRunEmailAgentLogic.test.ts --runInBand -t attaches the plain text body
