Detected: Jest test (via @posthog/frontend)
🚀 pnpm --filter=@posthog/frontend exec jest products/workflows/frontend/firstRun/firstRunEmailAgentLogic.test.ts
[90m18:03:38:748[0m [34m[client-request-interceptor][0m constructing the interceptor...
[90m18:03:38:761[0m [34m[xhr][0m constructing the interceptor...
[90m18:03:38:761[0m [34m[fetch][0m constructing the interceptor...
[90m18:03:38:761[0m [34m[websocket][0m constructing the interceptor...
[90m18:03:38:761[0m [34m[interceptor-source][0m constructing the interceptor...
[90m18:03:40:864[0m [34m[interceptor-source:apply][0m applying the interceptor...
[90m18:03:40:864[0m [34m[interceptor-source][0m retrieved global instance: undefined
[90m18:03:40:864[0m [34m[interceptor-source:apply][0m no running instance found, setting up a new instance...
[90m18:03:40:864[0m [34m[interceptor-source:setup][0m applying all 4 interceptors...
[90m18:03:40:864[0m [34m[interceptor-source:setup][0m applying "ClientRequestInterceptor" interceptor...
[90m18:03:40:864[0m [34m[client-request-interceptor:apply][0m applying the interceptor...
[90m18:03:40:864[0m [34m[client-request-interceptor][0m retrieved global instance: undefined
[90m18:03:40:864[0m [34m[client-request-interceptor:apply][0m no running instance found, setting up a new instance...
[90m18:03:40:864[0m [34m[client-request-interceptor][0m set global instance! client-request-interceptor
[90m18:03:40:865[0m [34m[interceptor-source:setup][0m adding interceptor dispose subscription
[90m18:03:40:865[0m [34m[interceptor-source:setup][0m applying "XMLHttpRequestInterceptor" interceptor...
[90m18:03:40:865[0m [34m[xhr:apply][0m applying the interceptor...
[90m18:03:40:865[0m [34m[xhr][0m retrieved global instance: undefined
[90m18:03:40:865[0m [34m[xhr:apply][0m no running instance found, setting up a new instance...
[90m18:03:40:865[0m [34m[xhr:setup][0m patching "XMLHttpRequest" module...
[90m18:03:40:865[0m [34m[xhr:setup][0m native "XMLHttpRequest" module patched! XMLHttpRequest
[90m18:03:40:865[0m [34m[xhr][0m set global instance! xhr
[90m18:03:40:865[0m [34m[interceptor-source:setup][0m adding interceptor dispose subscription
[90m18:03:40:865[0m [34m[interceptor-source:setup][0m applying "FetchInterceptor" interceptor...
[90m18:03:40:865[0m [34m[fetch:apply][0m applying the interceptor...
[90m18:03:40:865[0m [34m[fetch][0m retrieved global instance: undefined
[90m18:03:40:865[0m [34m[fetch:apply][0m no running instance found, setting up a new instance...
[90m18:03:40:865[0m [34m[fetch][0m set global instance! fetch
[90m18:03:40:865[0m [34m[interceptor-source:setup][0m adding interceptor dispose subscription
[90m18:03:40:865[0m [34m[interceptor-source:setup][0m applying "WebSocketInterceptor" interceptor...
[90m18:03:40:865[0m [34m[websocket:apply][0m applying the interceptor...
[90m18:03:40:865[0m [34m[websocket][0m retrieved global instance: undefined
[90m18:03:40:865[0m [34m[websocket:apply][0m no running instance found, setting up a new instance...
[90m18:03:40:865[0m [34m[websocket][0m set global instance! websocket
[90m18:03:40:865[0m [34m[interceptor-source:setup][0m adding interceptor dispose subscription
[90m18:03:40:865[0m [34m[interceptor-source][0m set global instance! interceptor-source
[90m18:03:40:865[0m [34m[client-request-interceptor:on][0m adding "request" event listener: function () { [native code] }
[90m18:03:40:866[0m [34m[xhr:on][0m adding "request" event listener: function () { [native code] }
[90m18:03:40:866[0m [34m[fetch:on][0m adding "request" event listener: function () { [native code] }
[90m18:03:40:866[0m [34m[websocket:on][0m adding "request" event listener: function () { [native code] }
[90m18:03:40:866[0m [34m[client-request-interceptor:on][0m adding "response" event listener: function () { [native code] }
[90m18:03:40:866[0m [34m[xhr:on][0m adding "response" event listener: function () { [native code] }
[90m18:03:40:866[0m [34m[fetch:on][0m adding "response" event listener: function () { [native code] }
[90m18:03:40:866[0m [34m[websocket:on][0m adding "response" event listener: function () { [native code] }
[90m18:03:40:866[0m [34m[client-request-interceptor:on][0m adding "connection" event listener: function () { [native code] }
[90m18:03:40:866[0m [34m[xhr:on][0m adding "connection" event listener: function () { [native code] }
[90m18:03:40:866[0m [34m[fetch:on][0m adding "connection" event listener: function () { [native code] }
[90m18:03:40:866[0m [34m[websocket:on][0m adding "connection" event listener: function () { [native code] }
[90m18:03:40:880[0m [34m[fetch][0m [GET] http://localhost/_preflight/
[90m18:03:40:880[0m [34m[fetch][0m awaiting for the mocked response...
[90m18:03:40:880[0m [34m[fetch][0m emitting the "request" event for 1 listener(s)...
[90m18:03:40:917[0m [34m[fetch][0m [GET] http://localhost/api/projects/997/hog_flow_templates/
[90m18:03:40:917[0m [34m[fetch][0m awaiting for the mocked response...
[90m18:03:40:917[0m [34m[fetch][0m emitting the "request" event for 1 listener(s)...
[90m18:03:40:929[0m [34m[fetch][0m [POST] http://localhost/api/projects/997/file_system/log_view/
[90m18:03:40:929[0m [34m[fetch][0m awaiting for the mocked response...
[90m18:03:40:929[0m [34m[fetch][0m emitting the "request" event for 1 listener(s)...
[90m18:03:40:932[0m [34m[fetch][0m [GET] http://localhost/api/projects/997/integrations/?limit=100&offset=0
[90m18:03:40:932[0m [34m[fetch][0m awaiting for the mocked response...
[90m18:03:40:932[0m [34m[fetch][0m emitting the "request" event for 1 listener(s)...
[90m18:03:40:943[0m [34m[fetch][0m received mocked response! {"rawResponse":{}}
[90m18:03:40:943[0m [34m[fetch][0m emitting the "response" event...
[90m18:03:40:950[0m [34m[fetch][0m [GET] http://localhost/api/projects/997/tasks?ordering=-last_activity_at&created_by=179&exclude_origin_product=signals_scout
[90m18:03:40:950[0m [34m[fetch][0m awaiting for the mocked response...
[90m18:03:40:950[0m [34m[fetch][0m emitting the "request" event for 1 listener(s)...
[90m18:03:40:953[0m [34m[fetch][0m [GET] http://localhost/api/projects/997/conversations/
[90m18:03:40:953[0m [34m[fetch][0m awaiting for the mocked response...
[90m18:03:40:953[0m [34m[fetch][0m emitting the "request" event for 1 listener(s)...
[90m18:03:40:956[0m [34m[fetch][0m received mocked response! {"rawResponse":{}}
[90m18:03:40:957[0m [34m[fetch][0m emitting the "response" event...
[90m18:03:40:972[0m [34m[fetch][0m received mocked response! {"rawResponse":{}}
[90m18:03:40:972[0m [34m[fetch][0m emitting the "response" event...
[90m18:03:40:975[0m [34m[fetch][0m [GET] http://localhost/api/projects/997/event_definitions/?names=signed_up&limit=1
[90m18:03:40:975[0m [34m[fetch][0m awaiting for the mocked response...
[90m18:03:40:975[0m [34m[fetch][0m emitting the "request" event for 1 listener(s)...
[90m18:03:40:980[0m [34m[fetch][0m received mocked response! {"rawResponse":{}}
[90m18:03:40:981[0m [34m[fetch][0m emitting the "response" event...
[90m18:03:40:989[0m [34m[fetch][0m received mocked response! {"rawResponse":{}}
[90m18:03:40:989[0m [34m[fetch][0m emitting the "response" event...
[90m18:03:41:35[0m [34m[fetch][0m received mocked response! {"rawResponse":{}}
[90m18:03:41:35[0m [34m[fetch][0m emitting the "response" event...
[90m18:03:41:64[0m [34m[fetch][0m received mocked response! {"rawResponse":{}}
[90m18:03:41:65[0m [34m[fetch][0m emitting the "response" event...
[90m18:03:41:77[0m [34m[fetch][0m [GET] http://localhost/_preflight/
[90m18:03:41:77[0m [34m[fetch][0m awaiting for the mocked response...
[90m18:03:41:77[0m [34m[fetch][0m emitting the "request" event for 1 listener(s)...
[90m18:03:41:92[0m [34m[fetch][0m [GET] http://localhost/api/projects/997/hog_flow_templates/
[90m18:03:41:92[0m [34m[fetch][0m awaiting for the mocked response...
[90m18:03:41:92[0m [34m[fetch][0m emitting the "request" event for 1 listener(s)...
[90m18:03:41:95[0m [34m[fetch][0m [POST] http://localhost/api/projects/997/file_system/log_view/
[90m18:03:41:95[0m [34m[fetch][0m awaiting for the mocked response...
[90m18:03:41:95[0m [34m[fetch][0m emitting the "request" event for 1 listener(s)...
[90m18:03:41:96[0m [34m[fetch][0m [GET] http://localhost/api/projects/997/integrations/?limit=100&offset=0
[90m18:03:41:96[0m [34m[fetch][0m awaiting for the mocked response...
[90m18:03:41:96[0m [34m[fetch][0m emitting the "request" event for 1 listener(s)...
[90m18:03:41:101[0m [34m[fetch][0m received mocked response! {"rawResponse":{}}
[90m18:03:41:101[0m [34m[fetch][0m emitting the "response" event...
[90m18:03:41:109[0m [34m[fetch][0m [GET] http://localhost/api/projects/997/tasks?ordering=-last_activity_at&created_by=179&exclude_origin_product=signals_scout
[90m18:03:41:109[0m [34m[fetch][0m awaiting for the mocked response...
[90m18:03:41:109[0m [34m[fetch][0m emitting the "request" event for 1 listener(s)...
[90m18:03:41:113[0m [34m[fetch][0m [GET] http://localhost/api/projects/997/conversations/
[90m18:03:41:113[0m [34m[fetch][0m awaiting for the mocked response...
[90m18:03:41:113[0m [34m[fetch][0m emitting the "request" event for 1 listener(s)...
[90m18:03:41:116[0m [34m[fetch][0m received mocked response! {"rawResponse":{}}
[90m18:03:41:116[0m [34m[fetch][0m emitting the "response" event...
[90m18:03:41:126[0m [34m[fetch][0m received mocked response! {"rawResponse":{}}
[90m18:03:41:126[0m [34m[fetch][0m emitting the "response" event...
[90m18:03:41:127[0m [34m[fetch][0m [GET] http://localhost/api/projects/997/event_definitions/?names=signed_up&limit=1
[90m18:03:41:128[0m [34m[fetch][0m awaiting for the mocked response...
[90m18:03:41:128[0m [34m[fetch][0m emitting the "request" event for 1 listener(s)...
[90m18:03:41:131[0m [34m[fetch][0m received mocked response! {"rawResponse":{}}
[90m18:03:41:131[0m [34m[fetch][0m emitting the "response" event...
[90m18:03:41:133[0m [34m[fetch][0m received mocked response! {"rawResponse":{}}
[90m18:03:41:133[0m [34m[fetch][0m emitting the "response" event...
[90m18:03:41:163[0m [34m[fetch][0m received mocked response! {"rawResponse":{}}
[90m18:03:41:164[0m [34m[fetch][0m emitting the "response" event...
[90m18:03:41:191[0m [34m[fetch][0m received mocked response! {"rawResponse":{}}
[90m18:03:41:191[0m [34m[fetch][0m emitting the "response" event...
[90m18:03:41:204[0m [34m[interceptor-source:dispose][0m disposing the interceptor...
[90m18:03:41:204[0m [34m[interceptor-source][0m retrieved global instance: BatchInterceptor
[90m18:03:41:204[0m [34m[interceptor-source][0m cleared global instance! interceptor-source
[90m18:03:41:204[0m [34m[interceptor-source:dispose][0m global symbol deleted: undefined
[90m18:03:41:204[0m [34m[interceptor-source:dispose][0m disposing of 4 subscriptions...
[90m18:03:41:204[0m [34m[client-request-interceptor:dispose][0m disposing the interceptor...
[90m18:03:41:204[0m [34m[client-request-interceptor][0m retrieved global instance: ClientRequestInterceptor
[90m18:03:41:204[0m [34m[client-request-interceptor][0m cleared global instance! client-request-interceptor
[90m18:03:41:204[0m [34m[client-request-interceptor:dispose][0m global symbol deleted: undefined
[90m18:03:41:204[0m [34m[client-request-interceptor:dispose][0m disposing of 1 subscriptions...
[90m18:03:41:204[0m [34m[client-request-interceptor:dispose][0m disposed of all subscriptions! 0
[90m18:03:41:204[0m [34m[client-request-interceptor:dispose][0m destroyed the listener!
[90m18:03:41:204[0m [34m[xhr:dispose][0m disposing the interceptor...
[90m18:03:41:204[0m [34m[xhr][0m retrieved global instance: XMLHttpRequestInterceptor
[90m18:03:41:204[0m [34m[xhr][0m cleared global instance! xhr
[90m18:03:41:204[0m [34m[xhr:dispose][0m global symbol deleted: undefined
[90m18:03:41:204[0m [34m[xhr:dispose][0m disposing of 1 subscriptions...
[90m18:03:41:204[0m [34m[xhr:setup][0m native "XMLHttpRequest" module restored! XMLHttpRequest
[90m18:03:41:204[0m [34m[xhr:dispose][0m disposed of all subscriptions! 0
[90m18:03:41:204[0m [34m[xhr:dispose][0m destroyed the listener!
[90m18:03:41:204[0m [34m[fetch:dispose][0m disposing the interceptor...
[90m18:03:41:204[0m [34m[fetch][0m retrieved global instance: FetchInterceptor
[90m18:03:41:204[0m [34m[fetch][0m cleared global instance! fetch
[90m18:03:41:204[0m [34m[fetch:dispose][0m global symbol deleted: undefined
[90m18:03:41:204[0m [34m[fetch:dispose][0m disposing of 1 subscriptions...
[90m18:03:41:204[0m [34m[fetch][0m restored native "globalThis.fetch"! 
[90m18:03:41:204[0m [34m[fetch:dispose][0m disposed of all subscriptions! 0
[90m18:03:41:204[0m [34m[fetch:dispose][0m destroyed the listener!
[90m18:03:41:204[0m [34m[websocket:dispose][0m disposing the interceptor...
[90m18:03:41:204[0m [34m[websocket][0m retrieved global instance: WebSocketInterceptor
[90m18:03:41:205[0m [34m[websocket][0m cleared global instance! websocket
[90m18:03:41:205[0m [34m[websocket:dispose][0m global symbol deleted: undefined
[90m18:03:41:205[0m [34m[websocket:dispose][0m disposing of 1 subscriptions...
[90m18:03:41:205[0m [34m[websocket:dispose][0m disposed of all subscriptions! 0
[90m18:03:41:205[0m [34m[websocket:dispose][0m destroyed the listener!
[90m18:03:41:205[0m [34m[interceptor-source:dispose][0m disposed of all subscriptions! 0
[90m18:03:41:205[0m [34m[interceptor-source:dispose][0m destroyed the listener!
FAIL ../products/workflows/frontend/firstRun/firstRunEmailAgentLogic.test.ts
  firstRunEmailAgentLogic
    ✓ opens PostHog AI with the selected unsaved email and sends no prompt (207 ms)
    ✕ removes the unsaved email context when the user switches to legacy PostHog AI (130 ms)

  ● firstRunEmailAgentLogic › removes the unsaved email context when the user switches to legacy PostHog AI

    expect(received).toEqual(expected) // deep equality

    - Expected  -  1
    + Received  + 20

    - Array []
    + Array [
    +   Object {
    +     "dismissGroup": "workflows-first-run-email",
    +     "hidden": true,
    +     "type": "instructions",
    +     "value": "The user has Make it yours open in the Workflows first run. The text context item with source workflows_first_run_email describes the selected email and its position in the sequence. The latest attached state wins over earlier emails or edits in the conversation. Load the designing-email-templates skill for email design guidance. This email is unsaved and has no workflow or library template ID that tools can update. Suggest changes to this email for the user to apply in the editor. Do not create a workflow, save a library template, enable anything, or send email unless the user explicitly asks.",
    +   },
    +   Object {
    +     "dismissGroup": "workflows-first-run-email",
    +     "key": "designing-email-templates",
    +     "label": "Designing email templates skill",
    +     "type": "skill",
    +   },
    +   Object {
    +     "dismissGroup": "workflows-first-run-email",
    +     "label": "Email 1 of 2: Welcome",
    +     "type": "text",
    +     "value": "{\"source\":\"workflows_first_run_email\",\"template_id\":\"example-sequence\",\"template_name\":\"Example sequence\",\"email_id\":\"email_1\",\"position\":1,\"total\":2,\"email\":{\"subject\":\"Welcome\",\"preheader\":\"Preview for Welcome\",\"text\":\"Body for Welcome\",\"design\":{\"body\":{\"rows\":[]}}}}",
    +   },
    + ]

      131 |         maxGlobalLogic.actions.setPhaiViewMode('legacy')
      132 |
    > 133 |         expect(attachedContextLogic.values.contextItems).toEqual([])
          |                            ^
      134 |     })
      135 | })
      136 |

      at Object.<anonymous> (../products/workflows/frontend/firstRun/firstRunEmailAgentLogic.test.ts:133:28)

Test Suites: 1 failed, 1 total
Tests:       1 failed, 1 passed, 2 total
Snapshots:   0 total
Time:        3.252 s
Ran all test suites matching /products\/workflows\/frontend\/firstRun\/firstRunEmailAgentLogic.test.ts/i.
undefined
/home/coder/.t3/worktrees/posthog/fr-261/frontend:
 ERR_PNPM_RECURSIVE_EXEC_FIRST_FAIL  Command failed with exit code 1: jest products/workflows/frontend/firstRun/firstRunEmailAgentLogic.test.ts
💥 Command failed: pnpm --filter=@posthog/frontend exec jest products/workflows/frontend/firstRun/firstRunEmailAgentLogic.test.ts
